Component: ARM Compiler 5.06 update 5 (build 528) Tool: armlink [4d35e2]

==============================================================================

Section Cross References

    md_led_driver.o(i.MD_LED_AMBER_Control) refers to stm32f4xx_hal_gpio.o(i.HAL_GPIO_WritePin) for HAL_GPIO_WritePin
    md_mpu6000.o(i.Get_Accel) refers to stm32f4xx_hal_gpio.o(i.HAL_GPIO_WritePin) for HAL_GPIO_WritePin
    md_mpu6000.o(i.Get_Accel) refers to stm32f4xx_hal_spi.o(i.HAL_SPI_TransmitReceive) for HAL_SPI_TransmitReceive
    md_mpu6000.o(i.Get_Accel) refers to spi.o(.bss) for hspi1
    md_mpu6000.o(i.Get_Gyro) refers to stm32f4xx_hal_gpio.o(i.HAL_GPIO_WritePin) for HAL_GPIO_WritePin
    md_mpu6000.o(i.Get_Gyro) refers to stm32f4xx_hal_spi.o(i.HAL_SPI_TransmitReceive) for HAL_SPI_TransmitReceive
    md_mpu6000.o(i.Get_Gyro) refers to spi.o(.bss) for hspi1
    md_mpu6000.o(i.Loop_Read_MPU6000) refers to md_mpu6000.o(i.MPU6000_Get_Data) for MPU6000_Get_Data
    md_mpu6000.o(i.Loop_Read_MPU6000) refers to md_mpu6000.o(.bss) for m_Mpu6000
    md_mpu6000.o(i.MPU6000_Get_Data) refers to stm32f4xx_hal_gpio.o(i.HAL_GPIO_WritePin) for HAL_GPIO_WritePin
    md_mpu6000.o(i.MPU6000_Get_Data) refers to stm32f4xx_hal_spi.o(i.HAL_SPI_TransmitReceive) for HAL_SPI_TransmitReceive
    md_mpu6000.o(i.MPU6000_Get_Data) refers to spi.o(.bss) for hspi1
    md_mpu6000.o(i.MPU6000_Init) refers to md_mpu6000.o(i.MPU6000_Spi_Com) for MPU6000_Spi_Com
    md_mpu6000.o(i.MPU6000_Init) refers to stm32f4xx_hal.o(i.HAL_Delay) for HAL_Delay
    md_mpu6000.o(i.MPU6000_Init) refers to stm32f4xx_hal_gpio.o(i.HAL_GPIO_WritePin) for HAL_GPIO_WritePin
    md_mpu6000.o(i.MPU6000_Spi_Com) refers to stm32f4xx_hal_gpio.o(i.HAL_GPIO_WritePin) for HAL_GPIO_WritePin
    md_mpu6000.o(i.MPU6000_Spi_Com) refers to stm32f4xx_hal.o(i.HAL_Delay) for HAL_Delay
    md_mpu6000.o(i.MPU6000_Spi_Com) refers to stm32f4xx_hal_spi.o(i.HAL_SPI_TransmitReceive) for HAL_SPI_TransmitReceive
    md_mpu6000.o(i.MPU6000_Spi_Com) refers to spi.o(.bss) for hspi1
    md_mpu6000.o(i.MPU6000_Test) refers to md_mpu6000.o(i.MPU6000_Get_Data) for MPU6000_Get_Data
    md_mpu6000.o(i.MPU6000_Test) refers to printfa.o(i.__0printf) for __2printf
    md_mpu6000.o(i.MPU6000_Test) refers to stm32f4xx_hal.o(i.HAL_Delay) for HAL_Delay
    md_ms56xx.o(i.Baro_Cal_Alt) refers to ldiv.o(.text) for __aeabi_ldivmod
    md_ms56xx.o(i.Baro_Cal_Alt) refers to md_ms56xx.o(.bss) for C
    md_ms56xx.o(i.Baro_Cmd_Prom) refers to stm32f4xx_hal_gpio.o(i.HAL_GPIO_WritePin) for HAL_GPIO_WritePin
    md_ms56xx.o(i.Baro_Cmd_Prom) refers to stm32f4xx_hal_spi.o(i.HAL_SPI_TransmitReceive) for HAL_SPI_TransmitReceive
    md_ms56xx.o(i.Baro_Cmd_Prom) refers to spi.o(.bss) for hspi1
    md_ms56xx.o(i.Baro_En_Conv) refers to stm32f4xx_hal_gpio.o(i.HAL_GPIO_WritePin) for HAL_GPIO_WritePin
    md_ms56xx.o(i.Baro_En_Conv) refers to stm32f4xx_hal_spi.o(i.HAL_SPI_Transmit) for HAL_SPI_Transmit
    md_ms56xx.o(i.Baro_En_Conv) refers to spi.o(.bss) for hspi1
    md_ms56xx.o(i.Baro_Enable_Press_Conv) refers to md_ms56xx.o(i.Baro_En_Conv) for Baro_En_Conv
    md_ms56xx.o(i.Baro_Enable_Temp_Conv) refers to md_ms56xx.o(i.Baro_En_Conv) for Baro_En_Conv
    md_ms56xx.o(i.Baro_Init) refers to md_ms56xx.o(i.Baro_Reset) for Baro_Reset
    md_ms56xx.o(i.Baro_Init) refers to md_ms56xx.o(i.Baro_Read_Coe) for Baro_Read_Coe
    md_ms56xx.o(i.Baro_Init) refers to md_ms56xx.o(i.Baro_Enable_Temp_Conv) for Baro_Enable_Temp_Conv
    md_ms56xx.o(i.Baro_Read_Coe) refers to md_ms56xx.o(i.Baro_Cmd_Prom) for Baro_Cmd_Prom
    md_ms56xx.o(i.Baro_Read_Coe) refers to md_ms56xx.o(.bss) for C
    md_ms56xx.o(i.Baro_Read_Data) refers to stm32f4xx_hal_gpio.o(i.HAL_GPIO_WritePin) for HAL_GPIO_WritePin
    md_ms56xx.o(i.Baro_Read_Data) refers to stm32f4xx_hal_spi.o(i.HAL_SPI_TransmitReceive) for HAL_SPI_TransmitReceive
    md_ms56xx.o(i.Baro_Read_Data) refers to spi.o(.bss) for hspi1
    md_ms56xx.o(i.Baro_Read_Pressure_Test) refers to md_ms56xx.o(i.Baro_Enable_Press_Conv) for Baro_Enable_Press_Conv
    md_ms56xx.o(i.Baro_Read_Pressure_Test) refers to stm32f4xx_hal.o(i.HAL_Delay) for HAL_Delay
    md_ms56xx.o(i.Baro_Read_Pressure_Test) refers to md_ms56xx.o(i.Baro_Read_Data) for Baro_Read_Data
    md_ms56xx.o(i.Baro_Read_Pressure_Test) refers to md_ms56xx.o(i.Baro_Enable_Temp_Conv) for Baro_Enable_Temp_Conv
    md_ms56xx.o(i.Baro_Read_Pressure_Test) refers to md_ms56xx.o(i.Baro_Cal_Alt) for Baro_Cal_Alt
    md_ms56xx.o(i.Baro_Read_Pressure_Test) refers to dflti.o(.text) for __aeabi_i2d
    md_ms56xx.o(i.Baro_Read_Pressure_Test) refers to ddiv.o(.text) for __aeabi_ddiv
    md_ms56xx.o(i.Baro_Read_Pressure_Test) refers to printfa.o(i.__0printf) for __2printf
    md_ms56xx.o(i.Baro_Read_Pressure_Test) refers to md_ms56xx.o(.data) for D1
    md_ms56xx.o(i.Baro_Reset) refers to stm32f4xx_hal_gpio.o(i.HAL_GPIO_WritePin) for HAL_GPIO_WritePin
    md_ms56xx.o(i.Baro_Reset) refers to stm32f4xx_hal_spi.o(i.HAL_SPI_Transmit) for HAL_SPI_Transmit
[...]
    .text                                    0x08000480   Section        0  depilogue.o(.text)
    .text                                    0x08000480   Section        0  iusefp.o(.text)
    .text                                    0x0800053a   Section        0  dadd.o(.text)
    .text                                    0x08000688   Section        0  dmul.o(.text)
    .text                                    0x0800076c   Section        0  dfixul.o(.text)
    .text                                    0x0800079c   Section       48  cdrcmple.o(.text)
    .text                                    0x080007cc   Section       36  init.o(.text)
    .text                                    0x080007f0   Section        0  llsshr.o(.text)
    i.Baro_Cal_Alt                           0x08000814   Section        0  md_ms56xx.o(i.Baro_Cal_Alt)
    i.Baro_Cmd_Prom                          0x080009a8   Section        0  md_ms56xx.o(i.Baro_Cmd_Prom)
    i.Baro_En_Conv                           0x08000a00   Section        0  md_ms56xx.o(i.Baro_En_Conv)
    i.Baro_Enable_Press_Conv                 0x08000a38   Section        0  md_ms56xx.o(i.Baro_Enable_Press_Conv)
    i.Baro_Enable_Temp_Conv                  0x08000a42   Section        0  md_ms56xx.o(i.Baro_Enable_Temp_Conv)
    i.Baro_Init                              0x08000a4c   Section        0  md_ms56xx.o(i.Baro_Init)
    i.Baro_Read_Coe                          0x08000a5c   Section        0  md_ms56xx.o(i.Baro_Read_Coe)
    i.Baro_Read_Data                         0x08000a7c   Section        0  md_ms56xx.o(i.Baro_Read_Data)
    i.Baro_Reset                             0x08000ad0   Section        0  md_ms56xx.o(i.Baro_Reset)
    i.BusFault_Handler                       0x08000b08   Section        0  stm32f4xx_it.o(i.BusFault_Handler)
    i.DMA1_Stream2_IRQHandler                0x08000b0c   Section        0  stm32f4xx_it.o(i.DMA1_Stream2_IRQHandler)
    i.DMA_CalcBaseAndBitshift                0x08000b1c   Section        0  stm32f4xx_hal_dma.o(i.DMA_CalcBaseAndBitshift)
    DMA_CalcBaseAndBitshift                  0x08000b1d   Thumb Code    46  stm32f4xx_hal_dma.o(i.DMA_CalcBaseAndBitshift)
    i.DMA_CheckFifoParam                     0x08000b50   Section        0  stm32f4xx_hal_dma.o(i.DMA_CheckFifoParam)
    DMA_CheckFifoParam                       0x08000b51   Thumb Code   170  stm32f4xx_hal_dma.o(i.DMA_CheckFifoParam)
    i.DMA_SetConfig                          0x08000bfa   Section        0  stm32f4xx_hal_dma.o(i.DMA_SetConfig)
    DMA_SetConfig                            0x08000bfb   Thumb Code    44  stm32f4xx_hal_dma.o(i.DMA_SetConfig)
    i.DebugMon_Handler                       0x08000c26   Section        0  stm32f4xx_it.o(i.DebugMon_Handler)
    i.GPS_Baud_Reset                         0x08000c28   Section        0  md_gps.o(i.GPS_Baud_Reset)
    i.GPS_Init                               0x08000c48   Section        0  md_gps.o(i.GPS_Init)
    i.GPS_RB_Clear                           0x08000c64   Section        0  md_gps.o(i.GPS_RB_Clear)
    i.GPS_RB_HasNew                          0x08000c74   Section        0  md_gps.o(i.GPS_RB_HasNew)
    i.GPS_RB_Init                            0x08000c8c   Section        0  md_gps.o(i.GPS_RB_Init)
    i.GPS_RB_IsOverFlow                      0x08000ca4   Section        0  md_gps.o(i.GPS_RB_IsOverFlow)
    i.GPS_RB_Pop                             0x08000cb0   Section        0  md_gps.o(i.GPS_RB_Pop)
    i.GPS_RX_InterruptHandler                0x08000cc0   Section        0  md_gps.o(i.GPS_RX_InterruptHandler)
    i.HAL_DMA_Abort_IT                       0x08000cd8   Section        0  stm32f4xx_hal_dma.o(i.HAL_DMA_Abort_IT)
    i.HAL_DMA_DeInit                         0x08000d00   Section        0  stm32f4xx_hal_dma.o(i.HAL_DMA_DeInit)
    i.HAL_DMA_IRQHandler                     0x08000d64   Section        0  stm32f4xx_hal_dma.o(i.HAL_DMA_IRQHandler)
    i.HAL_DMA_Init                           0x08000fa4   Section        0  stm32f4xx_hal_dma.o(i.HAL_DMA_Init)
    i.HAL_DMA_Start_IT                       0x08001090   Section        0  stm32f4xx_hal_dma.o(i.HAL_DMA_Start_IT)
    i.HAL_Delay                              0x0800112e   Section        0  stm32f4xx_hal.o(i.HAL_Delay)
    i.HAL_GPIO_DeInit                        0x0800114c   Section        0  stm32f4xx_hal_gpio.o(i.HAL_GPIO_DeInit)
    i.HAL_GPIO_Init                          0x080012cc   Section        0  stm32f4xx_hal_gpio.o(i.HAL_GPIO_Init)
    i.HAL_GPIO_WritePin                      0x080014e8   Section        0  stm32f4xx_hal_gpio.o(i.HAL_GPIO_WritePin)
    i.HAL_GetTick                            0x080014f4   Section        0  stm32f4xx_hal.o(i.HAL_GetTick)
    i.HAL_IncTick                            0x08001500   Section        0  stm32f4xx_hal.o(i.HAL_IncTick)
    i.HAL_Init                               0x08001510   Section        0  stm32f4xx_hal.o(i.HAL_Init)
    i.HAL_InitTick                           0x0800154c   Section        0  stm32f4xx_hal.o(i.HAL_InitTick)
    i.HAL_MspInit                            0x08001574   Section        0  stm32f4xx_hal_msp.o(i.HAL_MspInit)
    i.HAL_NVIC_DisableIRQ                    0x080015cc   Section        0  stm32f4xx_hal_cortex.o(i.HAL_NVIC_DisableIRQ)
    i.HAL_NVIC_EnableIRQ                     0x080015e8   Section        0  stm32f4xx_hal_cortex.o(i.HAL_NVIC_EnableIRQ)
    i.HAL_NVIC_SetPriority                   0x08001602   Section        0  stm32f4xx_hal_cortex.o(i.HAL_NVIC_SetPriority)
    i.HAL_NVIC_SetPriorityGrouping           0x08001680   Section        0  stm32f4xx_hal_cortex.o(i.HAL_NVIC_SetPriorityGrouping)
    i.HAL_RCC_ClockConfig                    0x080016a8   Section        0  stm32f4xx_hal_rcc.o(i.HAL_RCC_ClockConfig)
    i.HAL_RCC_GetHCLKFreq                    0x08001828   Section        0  stm32f4xx_hal_rcc.o(i.HAL_RCC_GetHCLKFreq)
    i.HAL_RCC_GetPCLK1Freq                   0x08001834   Section        0  stm32f4xx_hal_rcc.o(i.HAL_RCC_GetPCLK1Freq)
    i.HAL_RCC_GetPCLK2Freq                   0x08001854   Section        0  stm32f4xx_hal_rcc.o(i.HAL_RCC_GetPCLK2Freq)
    i.HAL_RCC_GetSysClockFreq                0x08001874   Section        0  stm32f4xx_hal_rcc.o(i.HAL_RCC_GetSysClockFreq)
    i.HAL_RCC_OscConfig                      0x08001924   Section        0  stm32f4xx_hal_rcc.o(i.HAL_RCC_OscConfig)
    i.HAL_SPI_Init                           0x08001d34   Section        0  stm32f4xx_hal_spi.o(i.HAL_SPI_Init)
    i.HAL_SPI_MspInit                        0x08001dc0   Section        0  spi.o(i.HAL_SPI_MspInit)
    i.HAL_SPI_Transmit                       0x08001e1c   Section        0  stm32f4xx_hal_spi.o(i.HAL_SPI_Transmit)
    i.HAL_SPI_TransmitReceive                0x08001fc2   Section        0  stm32f4xx_hal_spi.o(i.HAL_SPI_TransmitReceive)
    i.HAL_SYSTICK_CLKSourceConfig            0x080021e0   Section        0  stm32f4xx_hal_cortex.o(i.HAL_SYSTICK_CLKSourceConfig)
    i.HAL_SYSTICK_Callback                   0x08002208   Section        0  stm32f4xx_hal_cortex.o(i.HAL_SYSTICK_Callback)
    i.HAL_SYSTICK_Config                     0x0800220a   Section        0  stm32f4xx_hal_cortex.o(i.HAL_SYSTICK_Config)
    i.HAL_SYSTICK_IRQHandler                 0x0800223e   Section        0  stm32f4xx_hal_cortex.o(i.HAL_SYSTICK_IRQHandler)
    i.HAL_TIMEx_BreakCallback                0x08002246   Section        0  stm32f4xx_hal_tim_ex.o(i.HAL_TIMEx_BreakCallback)
    i.HAL_TIMEx_CommutationCallback          0x08002248   Section        0  stm32f4xx_hal_tim_ex.o(i.HAL_TIMEx_CommutationCallback)
    i.HAL_TIMEx_MasterConfigSynchronization  0x0800224a   Section        0  stm32f4xx_hal_tim_ex.o(i.HAL_TIMEx_MasterConfigSynchronization)
    i.HAL_TIM_Base_Init                      0x080022ac   Section        0  stm32f4xx_hal_tim.o(i.HAL_TIM_Base_Init)
    i.HAL_TIM_Base_MspInit                   0x080022e0   Section        0  tim.o(i.HAL_TIM_Base_MspInit)
    i.HAL_TIM_Base_Start_IT                  0x08002314   Section        0  stm32f4xx_hal_tim.o(i.HAL_TIM_Base_Start_IT)
    i.HAL_TIM_IC_CaptureCallback             0x08002332   Section        0  stm32f4xx_hal_tim.o(i.HAL_TIM_IC_CaptureCallback)
    i.HAL_TIM_IRQHandler                     0x08002334   Section        0  stm32f4xx_hal_tim.o(i.HAL_TIM_IRQHandler)
    i.HAL_TIM_OC_DelayElapsedCallback        0x080024ca   Section        0  stm32f4xx_hal_tim.o(i.HAL_TIM_OC_DelayElapsedCallback)
    i.HAL_TIM_PWM_PulseFinishedCallback      0x080024cc   Section        0  stm32f4xx_hal_tim.o(i.HAL_TIM_PWM_PulseFinishedCallback)
    i.HAL_TIM_PeriodElapsedCallback          0x080024d0   Section        0  main.o(i.HAL_TIM_PeriodElapsedCallback)
    i.HAL_TIM_TriggerCallback                0x080024dc   Section        0  stm32f4xx_hal_tim.o(i.HAL_TIM_TriggerCallback)
    i.HAL_UART_DeInit                        0x080024de   Section        0  stm32f4xx_hal_uart.o(i.HAL_UART_DeInit)
    i.HAL_UART_ErrorCallback                 0x0800250c   Section        0  stm32f4xx_hal_uart.o(i.HAL_UART_ErrorCallback)
    i.HAL_UART_IRQHandler                    0x08002510   Section        0  stm32f4xx_hal_uart.o(i.HAL_UART_IRQHandler)
    i.HAL_UART_Init                          0x0800265c   Section        0  stm32f4xx_hal_uart.o(i.HAL_UART_Init)
    i.HAL_UART_MspDeInit                     0x080026d0   Section        0  usart.o(i.HAL_UART_MspDeInit)
    i.HAL_UART_MspInit                       0x08002734   Section        0  usart.o(i.HAL_UART_MspInit)
    i.HAL_UART_Receive_DMA                   0x08002838   Section        0  stm32f4xx_hal_uart.o(i.HAL_UART_Receive_DMA)
    i.HAL_UART_RxCpltCallback                0x080028fc   Section        0  main.o(i.HAL_UART_RxCpltCallback)
    i.HAL_UART_RxHalfCpltCallback            0x08002914   Section        0  stm32f4xx_hal_uart.o(i.HAL_UART_RxHalfCpltCallback)
    i.HAL_UART_Transmit                      0x08002916   Section        0  stm32f4xx_hal_uart.o(i.HAL_UART_Transmit)
    i.HAL_UART_TxCpltCallback                0x080029ec   Section        0  stm32f4xx_hal_uart.o(i.HAL_UART_TxCpltCallback)
    i.HMC5883_Init                           0x080029ee   Section        0  md_hmc5883.o(i.HMC5883_Init)
    i.HMC5883_Read_Data                      0x08002a24   Section        0  md_hmc5883.o(i.HMC5883_Read_Data)
    i.HMC5883_Set_MagGain                    0x08002ac0   Section        0  md_hmc5883.o(i.HMC5883_Set_MagGain)
    i.HMC5883_Start_Convst                   0x08002b74   Section        0  md_hmc5883.o(i.HMC5883_Start_Convst)
    i.HardFault_Handler                      0x08002b88   Section        0  stm32f4xx_it.o(i.HardFault_Handler)
    i.Loop_GPS_Parse                         0x08002b8c   Section        0  md_gps.o(i.Loop_GPS_Parse)
    i.Loop_Read_Bar                          0x08002b94   Section        0  md_ms56xx.o(i.Loop_Read_Bar)
    i.Loop_Read_MPU6000                      0x08002c08   Section        0  md_mpu6000.o(i.Loop_Read_MPU6000)
    i.Loop_Read_Mag                          0x08002c18   Section        0  md_hmc5883.o(i.Loop_Read_Mag)
    i.MPU6000_Get_Data                       0x08002c48   Section        0  md_mpu6000.o(i.MPU6000_Get_Data)
    i.MPU6000_Init                           0x08002d00   Section        0  md_mpu6000.o(i.MPU6000_Init)
    i.MPU6000_Spi_Com                        0x08002d98   Section        0  md_mpu6000.o(i.MPU6000_Spi_Com)
    MPU6000_Spi_Com                          0x08002d99   Thumb Code    64  md_mpu6000.o(i.MPU6000_Spi_Com)
    i.MX_DMA_Init                            0x08002de0   Section        0  dma.o(i.MX_DMA_Init)
    i.MX_GPIO_Init                           0x08002e08   Section        0  gpio.o(i.MX_GPIO_Init)
    i.MX_NVIC_Init                           0x08002f64   Section        0  main.o(i.MX_NVIC_Init)
    MX_NVIC_Init                             0x08002f65   Thumb Code    52  main.o(i.MX_NVIC_Init)
    i.MX_SPI1_Init                           0x08002f98   Section        0  spi.o(i.MX_SPI1_Init)
    i.MX_TIM6_Init                           0x08002ff4   Section        0  tim.o(i.MX_TIM6_Init)
    i.MX_UART4_Init                          0x0800304c   Section        0  usart.o(i.MX_UART4_Init)
    i.MX_UART7_Init                          0x08003098   Section        0  usart.o(i.MX_UART7_Init)
    i.MemManage_Handler                      0x080030e4   Section        0  stm32f4xx_it.o(i.MemManage_Handler)
    i.NMI_Handler                            0x080030e8   Section        0  stm32f4xx_it.o(i.NMI_Handler)
    i.NVIC_GetPriorityGrouping               0x080030ec   Section        0  stm32f4xx_hal_cortex.o(i.NVIC_GetPriorityGrouping)
    NVIC_GetPriorityGrouping                 0x080030ed   Thumb Code    10  stm32f4xx_hal_cortex.o(i.NVIC_GetPriorityGrouping)
    i.NVIC_SetPriority                       0x080030fc   Section        0  stm32f4xx_hal_cortex.o(i.NVIC_SetPriority)
    NVIC_SetPriority                         0x080030fd   Thumb Code    32  stm32f4xx_hal_cortex.o(i.NVIC_SetPriority)
    i.ParseChar                              0x08003124   Section        0  md_ubx.o(i.ParseChar)
    i.PendSV_Handler                         0x08003298   Section        0  stm32f4xx_it.o(i.PendSV_Handler)
    i.SPI_CheckFlag_BSY                      0x0800329a   Section        0  stm32f4xx_hal_spi.o(i.SPI_CheckFlag_BSY)
    SPI_CheckFlag_BSY                        0x0800329b   Thumb Code    40  stm32f4xx_hal_spi.o(i.SPI_CheckFlag_BSY)
    i.SPI_WaitFlagStateUntilTimeout          0x080032c2   Section        0  stm32f4xx_hal_spi.o(i.SPI_WaitFlagStateUntilTimeout)
    SPI_WaitFlagStateUntilTimeout            0x080032c3   Thumb Code   170  stm32f4xx_hal_spi.o(i.SPI_WaitFlagStateUntilTimeout)
    i.SVC_Handler                            0x0800336c   Section        0  stm32f4xx_it.o(i.SVC_Handler)
    i.Set_UART4_Baud                         0x08003370   Section        0  usart.o(i.Set_UART4_Baud)
    i.Sim_DMP_I2C_Read8                      0x080033c0   Section        0  md_hmc5883.o(i.Sim_DMP_I2C_Read8)
    i.Sim_I2C1_Delay                         0x08003422   Section        0  md_hmc5883.o(i.Sim_I2C1_Delay)
    i.Sim_I2C1_ReceiveByte                   0x0800342c   Section        0  md_hmc5883.o(i.Sim_I2C1_ReceiveByte)
    i.Sim_I2C1_ReceiveByte_WithACK           0x0800349c   Section        0  md_hmc5883.o(i.Sim_I2C1_ReceiveByte_WithACK)
    i.Sim_I2C1_START                         0x0800350c   Section        0  md_hmc5883.o(i.Sim_I2C1_START)
    i.Sim_I2C1_STOP                          0x08003580   Section        0  md_hmc5883.o(i.Sim_I2C1_STOP)
    i.Sim_I2C1_SendACK                       0x080035e4   Section        0  md_hmc5883.o(i.Sim_I2C1_SendACK)
    i.Sim_I2C1_SendByte                      0x08003650   Section        0  md_hmc5883.o(i.Sim_I2C1_SendByte)
    i.Sim_I2C1_SendNACK                      0x080036f4   Section        0  md_hmc5883.o(i.Sim_I2C1_SendNACK)
    i.Sim_I2C1_Wait_Ack                      0x08003760   Section        0  md_hmc5883.o(i.Sim_I2C1_Wait_Ack)
    i.Sim_I2C1_Write8                        0x080037e8   Section        0  md_hmc5883.o(i.Sim_I2C1_Write8)
    i.SysTick_Handler                        0x08003834   Section        0  stm32f4xx_it.o(i.SysTick_Handler)
    i.SystemClock_Config                     0x08003840   Section        0  main.o(i.SystemClock_Config)
    i.SystemInit                             0x0800391c   Section        0  system_stm32f4xx.o(i.SystemInit)
    i.TIM6_DAC_IRQHandler                    0x08003980   Section        0  stm32f4xx_it.o(i.TIM6_DAC_IRQHandler)
    i.TIM_Base_SetConfig                     0x08003990   Section        0  stm32f4xx_hal_tim.o(i.TIM_Base_SetConfig)
    i.UART4_IRQHandler                       0x08003a74   Section        0  stm32f4xx_it.o(i.UART4_IRQHandler)
    i.UART_DMAAbortOnError                   0x08003a84   Section        0  stm32f4xx_hal_uart.o(i.UART_DMAAbortOnError)
    UART_DMAAbortOnError                     0x08003a85   Thumb Code    20  stm32f4xx_hal_uart.o(i.UART_DMAAbortOnError)
    i.UART_DMAError                          0x08003a98   Section        0  stm32f4xx_hal_uart.o(i.UART_DMAError)
    UART_DMAError                            0x08003a99   Thumb Code    80  stm32f4xx_hal_uart.o(i.UART_DMAError)
    i.UART_DMAReceiveCplt                    0x08003ae8   Section        0  stm32f4xx_hal_uart.o(i.UART_DMAReceiveCplt)
    UART_DMAReceiveCplt                      0x08003ae9   Thumb Code    70  stm32f4xx_hal_uart.o(i.UART_DMAReceiveCplt)
    i.UART_DMARxHalfCplt                     0x08003b2e   Section        0  stm32f4xx_hal_uart.o(i.UART_DMARxHalfCplt)
    UART_DMARxHalfCplt                       0x08003b2f   Thumb Code    14  stm32f4xx_hal_uart.o(i.UART_DMARxHalfCplt)
    i.UART_EndRxTransfer                     0x08003b3c   Section        0  stm32f4xx_hal_uart.o(i.UART_EndRxTransfer)
    UART_EndRxTransfer                       0x08003b3d   Thumb Code    32  stm32f4xx_hal_uart.o(i.UART_EndRxTransfer)
    i.UART_EndTransmit_IT                    0x08003b5c   Section        0  stm32f4xx_hal_uart.o(i.UART_EndTransmit_IT)
    UART_EndTransmit_IT                      0x08003b5d   Thumb Code    32  stm32f4xx_hal_uart.o(i.UART_EndTransmit_IT)
    i.UART_EndTxTransfer                     0x08003b7c   Section        0  stm32f4xx_hal_uart.o(i.UART_EndTxTransfer)
    UART_EndTxTransfer                       0x08003b7d   Thumb Code    20  stm32f4xx_hal_uart.o(i.UART_EndTxTransfer)
    i.UART_Receive_IT                        0x08003b90   Section        0  stm32f4xx_hal_uart.o(i.UART_Receive_IT)
    UART_Receive_IT                          0x08003b91   Thumb Code   154  stm32f4xx_hal_uart.o(i.UART_Receive_IT)
    i.UART_SetConfig                         0x08003c2c   Section        0  stm32f4xx_hal_uart.o(i.UART_SetConfig)
    UART_SetConfig                           0x08003c2d   Thumb Code   864  stm32f4xx_hal_uart.o(i.UART_SetConfig)
    i.UART_Transmit_IT                       0x08003f94   Section        0  stm32f4xx_hal_uart.o(i.UART_Transmit_IT)
    UART_Transmit_IT                         0x08003f95   Thumb Code   104  stm32f4xx_hal_uart.o(i.UART_Transmit_IT)
    i.UART_WaitOnFlagUntilTimeout            0x08003ffc   Section        0  stm32f4xx_hal_uart.o(i.UART_WaitOnFlagUntilTimeout)
    UART_WaitOnFlagUntilTimeout              0x08003ffd   Thumb Code   108  stm32f4xx_hal_uart.o(i.UART_WaitOnFlagUntilTimeout)
    i.UBX_Receive                            0x08004068   Section        0  md_ubx.o(i.UBX_Receive)
    i.UsageFault_Handler                     0x08004098   Section        0  stm32f4xx_it.o(i.UsageFault_Handler)
    i._Error_Handler                         0x0800409c   Section        0  main.o(i._Error_Handler)
    i.__0printf                              0x080040a0   Section        0  printfa.o(i.__0printf)
    i.__scatterload_copy                     0x080040c0   Section       14  handlers.o(i.__scatterload_copy)
    i.__scatterload_null                     0x080040ce   Section        2  handlers.o(i.__scatterload_null)
    i.__scatterload_zeroinit                 0x080040d0   Section       14  handlers.o(i.__scatterload_zeroinit)
    i._fp_digits                             0x080040e0   Section        0  printfa.o(i._fp_digits)
    _fp_digits                               0x080040e1   Thumb Code   366  printfa.o(i._fp_digits)
    i._printf_core                           0x08004264   Section        0  printfa.o(i._printf_core)
    _printf_core                             0x08004265   Thumb Code  1744  printfa.o(i._printf_core)
    i._printf_post_padding                   0x08004940   Section        0  printfa.o(i._printf_post_padding)
    _printf_post_padding                     0x08004941   Thumb Code    36  printfa.o(i._printf_post_padding)
    i._printf_pre_padding                    0x08004964   Section        0  printfa.o(i._printf_pre_padding)
    _printf_pre_padding                      0x08004965   Thumb Code    46  printfa.o(i._printf_pre_padding)
    i.addByteToChecksum                      0x08004994   Section        0  md_ubx.o(i.addByteToChecksum)
    i.calcChecksum                           0x080049b4   Section        0  md_ubx.o(i.calcChecksum)
    i.configure                              0x080049d8   Section        0  md_ubx.o(i.configure)
    i.configureMessageRate                   0x08004c84   Section        0  md_ubx.o(i.configureMessageRate)
    i.configureMessageRateAndAck             0x08004ca0   Section        0  md_ubx.o(i.configureMessageRateAndAck)
    i.decodeInit                             0x08004cc8   Section        0  md_ubx.o(i.decodeInit)
    i.fnv1_32_str                            0x08004cf4   Section        0  md_ubx.o(i.fnv1_32_str)
    i.fputc                                  0x08004d20   Section        0  main.o(i.fputc)
    i.main                                   0x08004d3c   Section        0  main.o(i.main)
    i.payloadRxAdd                           0x08004db0   Section        0  md_ubx.o(i.payloadRxAdd)
    i.payloadRxAddMonVer                     0x08004de4   Section        0  md_ubx.o(i.payloadRxAddMonVer)
    i.payloadRxAddNavSvinfo                  0x08004e64   Section        0  md_ubx.o(i.payloadRxAddNavSvinfo)
    i.payloadRxDone                          0x08004f70   Section        0  md_ubx.o(i.payloadRxDone)
    i.payloadRxInit                          0x0800570c   Section        0  md_ubx.o(i.payloadRxInit)
    i.rbClear                                0x080059f4   Section        0  md_gps.o(i.rbClear)
    i.rbInit                                 0x08005a02   Section        0  ringbuffer.o(i.rbInit)
    i.rbIsEmpty                              0x08005a14   Section        0  md_gps.o(i.rbIsEmpty)
    i.rbPop                                  0x08005a26   Section        0  md_gps.o(i.rbPop)
    i.rbPush                                 0x08005a50   Section        0  md_gps.o(i.rbPush)
    i.sendMessage                            0x08005a74   Section        0  md_ubx.o(i.sendMessage)
    i.waitForAck                             0x08005ae0   Section        0  md_ubx.o(i.waitForAck)
    i.write                                  0x08005b7c   Section        0  md_ubx.o(i.write)
    .constdata                               0x08005ba4   Section       28  md_ubx.o(.constdata)
    .constdata                               0x08005bc0   Section        8  stm32f4xx_hal_dma.o(.constdata)
    flagBitshiftOffset                       0x08005bc0   Data           8  stm32f4xx_hal_dma.o(.constdata)
    .constdata                               0x08005bc8   Section       24  system_stm32f4xx.o(.constdata)
    .data                                    0x20000000   Section       24  md_ms56xx.o(.data)
    .data                                    0x20000018   Section       15  md_hmc5883.o(.data)
    _hmc5883_Gauss_LSB_XYZ                   0x20000018   Data           4  md_hmc5883.o(.data)
    .data                                    0x20000028   Section        5  md_gps.o(.data)
    .data                                    0x20000030   Section       57  md_ubx.o(.data)
    .data                                    0x2000006c   Section        4  stm32f4xx_hal.o(.data)
    .data                                    0x20000070   Section        1  main.o(.data)
    .data                                    0x20000074   Section        4  system_stm32f4xx.o(.data)
    .data                                    0x20000078   Section        4  stdout.o(.data)
    .bss                                     0x2000007c   Section       40  md_mpu6000.o(.bss)
    .bss                                     0x200000a4   Section       16  md_ms56xx.o(.bss)
    .bss                                     0x200000b4   Section       16  md_hmc5883.o(.bss)
    .bss                                     0x200000c4   Section     1300  md_gps.o(.bss)
    .bss                                     0x200005d8   Section      488  md_ubx.o(.bss)
    .bss                                     0x200007c0   Section      224  usart.o(.bss)
    .bss                                     0x200008a0   Section       88  spi.o(.bss)
    .bss                                     0x200008f8   Section       60  tim.o(.bss)
    STACK                                    0x20000938   Section     1024  startup_stm32f427xx.o(STACK)

    Global Symbols

    Symbol Name                              Value     Ov Type        Size  Object(Section)

    BuildAttributes$$THM_ISAv4$E$P$D$K$B$S$7EM$VFPi3$EXTD16$VFPS$VFMA$PE$A:L22UL41UL21$X:L11$S22US41US21$IEEE1$IW$USESV6$~STKCKD$USESV7$~SHL$OSPACE$ROPI$EBA8$MICROLIB$REQ8$PRES8$EABIv2 0x00000000   Number         0  anon$$obj.o ABSOLUTE
    __ARM_use_no_argv                        0x00000000   Number         0  main.o ABSOLUTE
    _printf_a                                0x00000000   Number         0  stubs.o ABSOLUTE
    _printf_c                                0x00000000   Number         0  stubs.o ABSOLUTE
    _printf_charcount                        0x00000000   Number         0  stubs.o ABSOLUTE
    _printf_d                                0x00000000   Number         0  stubs.o ABSOLUTE
    _printf_e                                0x00000000   Number         0  stubs.o ABSOLUTE
    _printf_f                                0x00000000   Number         0  stubs.o ABSOLUTE
    _printf_flags                            0x00000000   Number         0  stubs.o ABSOLUTE
    _printf_fp_dec                           0x00000000   Number         0  stubs.o ABSOLUTE
    _printf_fp_hex                           0x00000000   Number         0  stubs.o ABSOLUTE
    _printf_g                                0x00000000   Number         0  stubs.o ABSOLUTE
    _printf_i                                0x00000000   Number         0  stubs.o ABSOLUTE
    _printf_int_dec                          0x00000000   Number         0  stubs.o ABSOLUTE
    _printf_l                                0x00000000   Number         0  stubs.o ABSOLUTE
    _printf_lc                               0x00000000   Number         0  stubs.o ABSOLUTE
    _printf_ll                               0x00000000   Number         0  stubs.o ABSOLUTE
    _printf_lld                              0x00000000   Number         0  stubs.o ABSOLUTE
    _printf_lli                              0x00000000   Number         0  stubs.o ABSOLUTE
    _printf_llo                              0x00000000   Number         0  stubs.o ABSOLUTE
    _printf_llu                              0x00000000   Number         0  stubs.o ABSOLUTE
    _printf_llx                              0x00000000   Number         0  stubs.o ABSOLUTE
    _printf_longlong_dec                     0x00000000   Number         0  stubs.o ABSOLUTE
    _printf_longlong_hex                     0x00000000   Number         0  stubs.o ABSOLUTE
    _printf_longlong_oct                     0x00000000   Number         0  stubs.o ABSOLUTE
    _printf_ls                               0x00000000   Number         0  stubs.o ABSOLUTE
    _printf_mbtowc                           0x00000000   Number         0  stubs.o ABSOLUTE
    _printf_n                                0x00000000   Number         0  stubs.o ABSOLUTE
    _printf_o                                0x00000000   Number         0  stubs.o ABSOLUTE
    _printf_p                                0x00000000   Number         0  stubs.o ABSOLUTE
    _printf_percent                          0x00000000   Number         0  stubs.o ABSOLUTE
    _printf_pre_padding                      0x00000000   Number         0  stubs.o ABSOLUTE
    _printf_return_value                     0x00000000   Number         0  stubs.o ABSOLUTE
    _printf_s                                0x00000000   Number         0  stubs.o ABSOLUTE
    _printf_sizespec                         0x00000000   Number         0  stubs.o ABSOLUTE
    _printf_str                              0x00000000   Number         0  stubs.o ABSOLUTE
    _printf_truncate_signed                  0x00000000   Number         0  stubs.o ABSOLUTE
    _printf_truncate_unsigned                0x00000000   Number         0  stubs.o ABSOLUTE
    _printf_u                                0x00000000   Number         0  stubs.o ABSOLUTE
    _printf_wc                               0x00000000   Number         0  stubs.o ABSOLUTE
    _printf_wctomb                           0x00000000   Number         0  stubs.o ABSOLUTE
    _printf_widthprec                        0x00000000   Number         0  stubs.o ABSOLUTE
    _printf_x                                0x00000000   Number         0  stubs.o ABSOLUTE
    __cpp_initialize__aeabi_                  - Undefined Weak Reference
    __cxa_finalize                            - Undefined Weak Reference
    __decompress                              - Undefined Weak Reference
    _clock_init                               - Undefined Weak Reference
    _microlib_exit                            - Undefined Weak Reference
    __Vectors_Size                           0x000001ac   Number         0  startup_stm32f427xx.o ABSOLUTE
    __Vectors                                0x08000000   Data           4  startup_stm32f427xx.o(RESET)
    __Vectors_End                            0x080001ac   Data           0  startup_stm32f427xx.o(RESET)
    __main                                   0x080001ad   Thumb Code     0  entry.o(.ARM.Collect$$$$00000000)
    _main_stk                                0x080001ad   Thumb Code     0  entry2.o(.ARM.Collect$$$$00000001)
    _main_scatterload                        0x080001b1   Thumb Code     0  entry5.o(.ARM.Collect$$$$00000004)
    __main_after_scatterload                 0x080001b5   Thumb Code     0  entry5.o(.ARM.Collect$$$$00000004)
    _main_clock                              0x080001b5   Thumb Code     0  entry7b.o(.ARM.Collect$$$$00000008)
    _main_cpp_init                           0x080001b5   Thumb Code     0  entry8b.o(.ARM.Collect$$$$0000000A)
    _main_init                               0x080001b5   Thumb Code     0  entry9a.o(.ARM.Collect$$$$0000000B)
    __rt_final_cpp                           0x080001bd   Thumb Code     0  entry10a.o(.ARM.Collect$$$$0000000D)
    __rt_final_exit                          0x080001bd   Thumb Code     0  entry11a.o(.ARM.Collect$$$$0000000F)
    Reset_Handler                            0x080001c1   Thumb Code     8  startup_stm32f427xx.o(.text)
    ADC_IRQHandler                           0x080001db   Thumb Code     0  startup_stm32f427xx.o(.text)
    CAN1_RX0_IRQHandler                      0x080001db   Thumb Code     0  startup_stm32f427xx.o(.text)
    CAN1_RX1_IRQHandler                      0x080001db   Thumb Code     0  startup_stm32f427xx.o(.text)
    CAN1_SCE_IRQHandler                      0x080001db   Thumb Code     0  startup_stm32f427xx.o(.text)
    CAN1_TX_IRQHandler                       0x080001db   Thumb Code     0  startup_stm32f427xx.o(.text)
    CAN2_RX0_IRQHandler                      0x080001db   Thumb Code     0  startup_stm32f427xx.o(.text)
    CAN2_RX1_IRQHandler                      0x080001db   Thumb Code     0  startup_stm32f427xx.o(.text)
    CAN2_SCE_IRQHandler                      0x080001db   Thumb Code     0  startup_stm32f427xx.o(.text)
    CAN2_TX_IRQHandler                       0x080001db   Thumb Code     0  startup_stm32f427xx.o(.text)
    DCMI_IRQHandler                          0x080001db   Thumb Code     0  startup_stm32f427xx.o(.text)
    DMA1_Stream0_IRQHandler                  0x080001db   Thumb Code     0  startup_stm32f427xx.o(.text)
    DMA1_Stream1_IRQHandler                  0x080001db   Thumb Code     0  startup_stm32f427xx.o(.text)
    DMA1_Stream3_IRQHandler                  0x080001db   Thumb Code     0  startup_stm32f427xx.o(.text)
    DMA1_Stream4_IRQHandler                  0x080001db   Thumb Code     0  startup_stm32f427xx.o(.text)
    DMA1_Stream5_IRQHandler                  0x080001db   Thumb Code     0  startup_stm32f427xx.o(.text)
    DMA1_Stream6_IRQHandler                  0x080001db   Thumb Code     0  startup_stm32f427xx.o(.text)
    DMA1_Stream7_IRQHandler                  0x080001db   Thumb Code     0  startup_stm32f427xx.o(.text)
    DMA2D_IRQHandler                         0x080001db   Thumb Code     0  startup_stm32f427xx.o(.text)
    DMA2_Stream0_IRQHandler                  0x080001db   Thumb Code     0  startup_stm32f427xx.o(.text)
    DMA2_Stream1_IRQHandler                  0x080001db   Thumb Code     0  startup_stm32f427xx.o(.text)
    DMA2_Stream2_IRQHandler                  0x080001db   Thumb Code     0  startup_stm32f427xx.o(.text)
    DMA2_Stream3_IRQHandler                  0x080001db   Thumb Code     0  startup_stm32f427xx.o(.text)
    DMA2_Stream4_IRQHandler                  0x080001db   Thumb Code     0  startup_stm32f427xx.o(.text)
    DMA2_Stream5_IRQHandler                  0x080001db   Thumb Code     0  startup_stm32f427xx.o(.text)
    DMA2_Stream6_IRQHandler                  0x080001db   Thumb Code     0  startup_stm32f427xx.o(.text)
    DMA2_Stream7_IRQHandler                  0x080001db   Thumb Code     0  startup_stm32f427xx.o(.text)
    ETH_IRQHandler                           0x080001db   Thumb Code     0  startup_stm32f427xx.o(.text)
    ETH_WKUP_IRQHandler                      0x080001db   Thumb Code     0  startup_stm32f427xx.o(.text)
    EXTI0_IRQHandler                         0x080001db   Thumb Code     0  startup_stm32f427xx.o(.text)
    EXTI15_10_IRQHandler                     0x080001db   Thumb Code     0  startup_stm32f427xx.o(.text)
    EXTI1_IRQHandler                         0x080001db   Thumb Code     0  startup_stm32f427xx.o(.text)
    EXTI2_IRQHandler                         0x080001db   Thumb Code     0  startup_stm32f427xx.o(.text)
    EXTI3_IRQHandler                         0x080001db   Thumb Code     0  startup_stm32f427xx.o(.text)
    EXTI4_IRQHandler                         0x080001db   Thumb Code     0  startup_stm32f427xx.o(.text)
    EXTI9_5_IRQHandler                       0x080001db   Thumb Code     0  startup_stm32f427xx.o(.text)
    FLASH_IRQHandler                         0x080001db   Thumb Code     0  startup_stm32f427xx.o(.text)
    FMC_IRQHandler                           0x080001db   Thumb Code     0  startup_stm32f427xx.o(.text)
    FPU_IRQHandler                           0x080001db   Thumb Code     0  startup_stm32f427xx.o(.text)
    HASH_RNG_IRQHandler                      0x080001db   Thumb Code     0  startup_stm32f427xx.o(.text)
    I2C1_ER_IRQHandler                       0x080001db   Thumb Code     0  startup_stm32f427xx.o(.text)
    I2C1_EV_IRQHandler                       0x080001db   Thumb Code     0  startup_stm32f427xx.o(.text)
    I2C2_ER_IRQHandler                       0x080001db   Thumb Code     0  startup_stm32f427xx.o(.text)
    I2C2_EV_IRQHandler                       0x080001db   Thumb Code     0  startup_stm32f427xx.o(.text)
    I2C3_ER_IRQHandler                       0x080001db   Thumb Code     0  startup_stm32f427xx.o(.text)
    I2C3_EV_IRQHandler                       0x080001db   Thumb Code     0  startup_stm32f427xx.o(.text)
    OTG_FS_IRQHandler                        0x080001db   Thumb Code     0  startup_stm32f427xx.o(.text)
    OTG_FS_WKUP_IRQHandler                   0x080001db   Thumb Code     0  startup_stm32f427xx.o(.text)
    OTG_HS_EP1_IN_IRQHandler                 0x080001db   Thumb Code     0  startup_stm32f427xx.o(.text)
    OTG_HS_EP1_OUT_IRQHandler                0x080001db   Thumb Code     0  startup_stm32f427xx.o(.text)
    OTG_HS_IRQHandler                        0x080001db   Thumb Code     0  startup_stm32f427xx.o(.text)
    OTG_HS_WKUP_IRQHandler                   0x080001db   Thumb Code     0  startup_stm32f427xx.o(.text)
    PVD_IRQHandler                           0x080001db   Thumb Code     0  startup_stm32f427xx.o(.text)
    RCC_IRQHandler                           0x080001db   Thumb Code     0  startup_stm32f427xx.o(.text)
    RTC_Alarm_IRQHandler                     0x080001db   Thumb Code     0  startup_stm32f427xx.o(.text)
    RTC_WKUP_IRQHandler                      0x080001db   Thumb Code     0  startup_stm32f427xx.o(.text)
    SAI1_IRQHandler                          0x080001db   Thumb Code     0  startup_stm32f427xx.o(.text)
    SDIO_IRQHandler                          0x080001db   Thumb Code     0  startup_stm32f427xx.o(.text)
    SPI1_IRQHandler                          0x080001db   Thumb Code     0  startup_stm32f427xx.o(.text)
    SPI2_IRQHandler                          0x080001db   Thumb Code     0  startup_stm32f427xx.o(.text)
    SPI3_IRQHandler                          0x080001db   Thumb Code     0  startup_stm32f427xx.o(.text)
    SPI4_IRQHandler                          0x080001db   Thumb Code     0  startup_stm32f427xx.o(.text)
    SPI5_IRQHandler                          0x080001db   Thumb Code     0  startup_stm32f427xx.o(.text)
    SPI6_IRQHandler                          0x080001db   Thumb Code     0  startup_stm32f427xx.o(.text)
    TAMP_STAMP_IRQHandler                    0x080001db   Thumb Code     0  startup_stm32f427xx.o(.text)
    TIM1_BRK_TIM9_IRQHandler                 0x080001db   Thumb Code     0  startup_stm32f427xx.o(.text)
    TIM1_CC_IRQHandler                       0x080001db   Thumb Code     0  startup_stm32f427xx.o(.text)
    TIM1_TRG_COM_TIM11_IRQHandler            0x080001db   Thumb Code     0  startup_stm32f427xx.o(.text)
    TIM1_UP_TIM10_IRQHandler                 0x080001db   Thumb Code     0  startup_stm32f427xx.o(.text)
    TIM2_IRQHandler                          0x080001db   Thumb Code     0  startup_stm32f427xx.o(.text)
    TIM3_IRQHandler                          0x080001db   Thumb Code     0  startup_stm32f427xx.o(.text)
    TIM4_IRQHandler                          0x080001db   Thumb Code     0  startup_stm32f427xx.o(.text)
    TIM5_IRQHandler                          0x080001db   Thumb Code     0  startup_stm32f427xx.o(.text)
    TIM7_IRQHandler                          0x080001db   Thumb Code     0  startup_stm32f427xx.o(.text)
    TIM8_BRK_TIM12_IRQHandler                0x080001db   Thumb Code     0  startup_stm32f427xx.o(.text)
    TIM8_CC_IRQHandler                       0x080001db   Thumb Code     0  startup_stm32f427xx.o(.text)
    TIM8_TRG_COM_TIM14_IRQHandler            0x080001db   Thumb Code     0  startup_stm32f427xx.o(.text)
    TIM8_UP_TIM13_IRQHandler                 0x080001db   Thumb Code     0  startup_stm32f427xx.o(.text)
    UART5_IRQHandler                         0x080001db   Thumb Code     0  startup_stm32f427xx.o(.text)
    UART7_IRQHandler                         0x080001db   Thumb Code     0  startup_stm32f427xx.o(.text)
    UART8_IRQHandler                         0x080001db   Thumb Code     0  startup_stm32f427xx.o(.text)
    USART1_IRQHandler                        0x080001db   Thumb Code     0  startup_stm32f427xx.o(.text)
    USART2_IRQHandler                        0x080001db   Thumb Code     0  startup_stm32f427xx.o(.text)
    USART3_IRQHandler                        0x080001db   Thumb Code     0  startup_stm32f427xx.o(.text)
    USART6_IRQHandler                        0x080001db   Thumb Code     0  startup_stm32f427xx.o(.text)
    WWDG_IRQHandler                          0x080001db   Thumb Code     0  startup_stm32f427xx.o(.text)
    __aeabi_uldivmod                         0x080001e5   Thumb Code    98  uldiv.o(.text)
    __aeabi_ldivmod                          0x08000247   Thumb Code    98  ldiv.o(.text)
    __aeabi_memcpy                           0x080002a9   Thumb Code    36  memcpya.o(.text)
    __aeabi_memcpy4                          0x080002a9   Thumb Code     0  memcpya.o(.text)
    __aeabi_memcpy8                          0x080002a9   Thumb Code     0  memcpya.o(.text)
    __aeabi_memset                           0x080002cd   Thumb Code    14  memseta.o(.text)
    __aeabi_memset4                          0x080002cd   Thumb Code     0  memseta.o(.text)
    __aeabi_memset8                          0x080002cd   Thumb Code     0  memseta.o(.text)
    __aeabi_memclr                           0x080002db   Thumb Code     4  memseta.o(.text)
    __aeabi_memclr4                          0x080002db   Thumb Code     0  memseta.o(.text)
    __aeabi_memclr8                          0x080002db   Thumb Code     0  memseta.o(.text)
    _memset$wrapper                          0x080002df   Thumb Code    18  memseta.o(.text)
    __aeabi_ddiv                             0x080002f1   Thumb Code   222  ddiv.o(.text)
    __aeabi_i2d                              0x080003cf   Thumb Code    34  dflti.o(.text)
    __aeabi_f2d                              0x080003f1   Thumb Code    38  f2d.o(.text)
    __aeabi_uidiv                            0x08000417   Thumb Code     0  uidiv.o(.text)
    __aeabi_uidivmod                         0x08000417   Thumb Code    44  uidiv.o(.text)
    __aeabi_llsl                             0x08000443   Thumb Code    30  llshl.o(.text)
    _ll_shift_l                              0x08000443   Thumb Code     0  llshl.o(.text)
    __aeabi_llsr                             0x08000461   Thumb Code    32  llushr.o(.text)
    _ll_ushift_r                             0x08000461   Thumb Code     0  llushr.o(.text)
    __I$use$fp                               0x08000481   Thumb Code     0  iusefp.o(.text)
    _double_round                            0x08000481   Thumb Code    30  depilogue.o(.text)
    _double_epilogue                         0x0800049f   Thumb Code   156  depilogue.o(.text)
    __aeabi_dadd                             0x0800053b   Thumb Code   322  dadd.o(.text)
    __aeabi_dsub                             0x0800067d   Thumb Code     6  dadd.o(.text)
    __aeabi_drsub                            0x08000683   Thumb Code     6  dadd.o(.text)
    __aeabi_dmul                             0x08000689   Thumb Code   228  dmul.o(.text)
    __aeabi_d2ulz                            0x0800076d   Thumb Code    48  dfixul.o(.text)
    __aeabi_cdrcmple                         0x0800079d   Thumb Code    48  cdrcmple.o(.text)
    __scatterload                            0x080007cd   Thumb Code    28  init.o(.text)
    __scatterload_rt2                        0x080007cd   Thumb Code     0  init.o(.text)
    __aeabi_lasr                             0x080007f1   Thumb Code    36  llsshr.o(.text)
    _ll_sshift_r                             0x080007f1   Thumb Code     0  llsshr.o(.text)
    Baro_Cal_Alt                             0x08000815   Thumb Code   396  md_ms56xx.o(i.Baro_Cal_Alt)
    Baro_Cmd_Prom                            0x080009a9   Thumb Code    80  md_ms56xx.o(i.Baro_Cmd_Prom)
    Baro_En_Conv                             0x08000a01   Thumb Code    46  md_ms56xx.o(i.Baro_En_Conv)
    Baro_Enable_Press_Conv                   0x08000a39   Thumb Code    10  md_ms56xx.o(i.Baro_Enable_Press_Conv)
    Baro_Enable_Temp_Conv                    0x08000a43   Thumb Code    10  md_ms56xx.o(i.Baro_Enable_Temp_Conv)
    Baro_Init                                0x08000a4d   Thumb Code    16  md_ms56xx.o(i.Baro_Init)
    Baro_Read_Coe                            0x08000a5d   Thumb Code    28  md_ms56xx.o(i.Baro_Read_Coe)
    Baro_Read_Data                           0x08000a7d   Thumb Code    74  md_ms56xx.o(i.Baro_Read_Data)
    Baro_Reset                               0x08000ad1   Thumb Code    46  md_ms56xx.o(i.Baro_Reset)
    BusFault_Handler                         0x08000b09   Thumb Code     4  stm32f4xx_it.o(i.BusFault_Handler)
    DMA1_Stream2_IRQHandler                  0x08000b0d   Thumb Code    10  stm32f4xx_it.o(i.DMA1_Stream2_IRQHandler)
    DebugMon_Handler                         0x08000c27   Thumb Code     2  stm32f4xx_it.o(i.DebugMon_Handler)
    GPS_Baud_Reset                           0x08000c29   Thumb Code    22  md_gps.o(i.GPS_Baud_Reset)
    GPS_Init                                 0x08000c49   Thumb Code    22  md_gps.o(i.GPS_Init)
    GPS_RB_Clear                             0x08000c65   Thumb Code    10  md_gps.o(i.GPS_RB_Clear)
    GPS_RB_HasNew                            0x08000c75   Thumb Code    18  md_gps.o(i.GPS_RB_HasNew)
    GPS_RB_Init                              0x08000c8d   Thumb Code    16  md_gps.o(i.GPS_RB_Init)
    GPS_RB_IsOverFlow                        0x08000ca5   Thumb Code     6  md_gps.o(i.GPS_RB_IsOverFlow)
    GPS_RB_Pop                               0x08000cb1   Thumb Code    10  md_gps.o(i.GPS_RB_Pop)
    GPS_RX_InterruptHandler                  0x08000cc1   Thumb Code    14  md_gps.o(i.GPS_RX_InterruptHandler)
    HAL_DMA_Abort_IT                         0x08000cd9   Thumb Code    40  stm32f4xx_hal_dma.o(i.HAL_DMA_Abort_IT)
    HAL_DMA_DeInit                           0x08000d01   Thumb Code    98  stm32f4xx_hal_dma.o(i.HAL_DMA_DeInit)
    HAL_DMA_IRQHandler                       0x08000d65   Thumb Code   570  stm32f4xx_hal_dma.o(i.HAL_DMA_IRQHandler)
    HAL_DMA_Init                             0x08000fa5   Thumb Code   232  stm32f4xx_hal_dma.o(i.HAL_DMA_Init)
    HAL_DMA_Start_IT                         0x08001091   Thumb Code   158  stm32f4xx_hal_dma.o(i.HAL_DMA_Start_IT)
    HAL_Delay                                0x0800112f   Thumb Code    30  stm32f4xx_hal.o(i.HAL_Delay)
    HAL_GPIO_DeInit                          0x0800114d   Thumb Code   336  stm32f4xx_hal_gpio.o(i.HAL_GPIO_DeInit)
    HAL_GPIO_Init                            0x080012cd   Thumb Code   486  stm32f4xx_hal_gpio.o(i.HAL_GPIO_Init)
    HAL_GPIO_WritePin                        0x080014e9   Thumb Code    12  stm32f4xx_hal_gpio.o(i.HAL_GPIO_WritePin)
    HAL_GetTick                              0x080014f5   Thumb Code     6  stm32f4xx_hal.o(i.HAL_GetTick)
    HAL_IncTick                              0x08001501   Thumb Code    12  stm32f4xx_hal.o(i.HAL_IncTick)
    HAL_Init                                 0x08001511   Thumb Code    54  stm32f4xx_hal.o(i.HAL_Init)
    HAL_InitTick                             0x0800154d   Thumb Code    36  stm32f4xx_hal.o(i.HAL_InitTick)
    HAL_MspInit                              0x08001575   Thumb Code    86  stm32f4xx_hal_msp.o(i.HAL_MspInit)
    HAL_NVIC_DisableIRQ                      0x080015cd   Thumb Code    22  stm32f4xx_hal_cortex.o(i.HAL_NVIC_DisableIRQ)
    HAL_NVIC_EnableIRQ                       0x080015e9   Thumb Code    26  stm32f4xx_hal_cortex.o(i.HAL_NVIC_EnableIRQ)
    HAL_NVIC_SetPriority                     0x08001603   Thumb Code   124  stm32f4xx_hal_cortex.o(i.HAL_NVIC_SetPriority)
    HAL_NVIC_SetPriorityGrouping             0x08001681   Thumb Code    32  stm32f4xx_hal_cortex.o(i.HAL_NVIC_SetPriorityGrouping)
    HAL_RCC_ClockConfig                      0x080016a9   Thumb Code   366  stm32f4xx_hal_rcc.o(i.HAL_RCC_ClockConfig)
    HAL_RCC_GetHCLKFreq                      0x08001829   Thumb Code     6  stm32f4xx_hal_rcc.o(i.HAL_RCC_GetHCLKFreq)
    HAL_RCC_GetPCLK1Freq                     0x08001835   Thumb Code    22  stm32f4xx_hal_rcc.o(i.HAL_RCC_GetPCLK1Freq)
    HAL_RCC_GetPCLK2Freq                     0x08001855   Thumb Code    22  stm32f4xx_hal_rcc.o(i.HAL_RCC_GetPCLK2Freq)
    HAL_RCC_GetSysClockFreq                  0x08001875   Thumb Code   162  stm32f4xx_hal_rcc.o(i.HAL_RCC_GetSysClockFreq)
    HAL_RCC_OscConfig                        0x08001925   Thumb Code  1040  stm32f4xx_hal_rcc.o(i.HAL_RCC_OscConfig)
    HAL_SPI_Init                             0x08001d35   Thumb Code   140  stm32f4xx_hal_spi.o(i.HAL_SPI_Init)
    HAL_SPI_MspInit                          0x08001dc1   Thumb Code    78  spi.o(i.HAL_SPI_MspInit)
    HAL_SPI_Transmit                         0x08001e1d   Thumb Code   422  stm32f4xx_hal_spi.o(i.HAL_SPI_Transmit)
    HAL_SPI_TransmitReceive                  0x08001fc3   Thumb Code   542  stm32f4xx_hal_spi.o(i.HAL_SPI_TransmitReceive)
    HAL_SYSTICK_CLKSourceConfig              0x080021e1   Thumb Code    40  stm32f4xx_hal_cortex.o(i.HAL_SYSTICK_CLKSourceConfig)
    HAL_SYSTICK_Callback                     0x08002209   Thumb Code     2  stm32f4xx_hal_cortex.o(i.HAL_SYSTICK_Callback)
    HAL_SYSTICK_Config                       0x0800220b   Thumb Code    52  stm32f4xx_hal_cortex.o(i.HAL_SYSTICK_Config)
    HAL_SYSTICK_IRQHandler                   0x0800223f   Thumb Code     8  stm32f4xx_hal_cortex.o(i.HAL_SYSTICK_IRQHandler)
    HAL_TIMEx_BreakCallback                  0x08002247   Thumb Code     2  stm32f4xx_hal_tim_ex.o(i.HAL_TIMEx_BreakCallback)
    HAL_TIMEx_CommutationCallback            0x08002249   Thumb Code     2  stm32f4xx_hal_tim_ex.o(i.HAL_TIMEx_CommutationCallback)
    HAL_TIMEx_MasterConfigSynchronization    0x0800224b   Thumb Code    98  stm32f4xx_hal_tim_ex.o(i.HAL_TIMEx_MasterConfigSynchronization)
    HAL_TIM_Base_Init                        0x080022ad   Thumb Code    52  stm32f4xx_hal_tim.o(i.HAL_TIM_Base_Init)
    HAL_TIM_Base_MspInit                     0x080022e1   Thumb Code    44  tim.o(i.HAL_TIM_Base_MspInit)
    HAL_TIM_Base_Start_IT                    0x08002315   Thumb Code    30  stm32f4xx_hal_tim.o(i.HAL_TIM_Base_Start_IT)
    HAL_TIM_IC_CaptureCallback               0x08002333   Thumb Code     2  stm32f4xx_hal_tim.o(i.HAL_TIM_IC_CaptureCallback)
    HAL_TIM_IRQHandler                       0x08002335   Thumb Code   406  stm32f4xx_hal_tim.o(i.HAL_TIM_IRQHandler)
    HAL_TIM_OC_DelayElapsedCallback          0x080024cb   Thumb Code     2  stm32f4xx_hal_tim.o(i.HAL_TIM_OC_DelayElapsedCallback)
    HAL_TIM_PWM_PulseFinishedCallback        0x080024cd   Thumb Code     2  stm32f4xx_hal_tim.o(i.HAL_TIM_PWM_PulseFinishedCallback)
    HAL_TIM_PeriodElapsedCallback            0x080024d1   Thumb Code     8  main.o(i.HAL_TIM_PeriodElapsedCallback)
    HAL_TIM_TriggerCallback                  0x080024dd   Thumb Code     2  stm32f4xx_hal_tim.o(i.HAL_TIM_TriggerCallback)
    HAL_UART_DeInit                          0x080024df   Thumb Code    46  stm32f4xx_hal_uart.o(i.HAL_UART_DeInit)
    HAL_UART_ErrorCallback                   0x0800250d   Thumb Code     2  stm32f4xx_hal_uart.o(i.HAL_UART_ErrorCallback)
    HAL_UART_IRQHandler                      0x08002511   Thumb Code   326  stm32f4xx_hal_uart.o(i.HAL_UART_IRQHandler)
    HAL_UART_Init                            0x0800265d   Thumb Code   114  stm32f4xx_hal_uart.o(i.HAL_UART_Init)
    HAL_UART_MspDeInit                       0x080026d1   Thumb Code    78  usart.o(i.HAL_UART_MspDeInit)
    HAL_UART_MspInit                         0x08002735   Thumb Code   216  usart.o(i.HAL_UART_MspInit)
    HAL_UART_Receive_DMA                     0x08002839   Thumb Code   182  stm32f4xx_hal_uart.o(i.HAL_UART_Receive_DMA)
    HAL_UART_RxCpltCallback                  0x080028fd   Thumb Code    18  main.o(i.HAL_UART_RxCpltCallback)
    HAL_UART_RxHalfCpltCallback              0x08002915   Thumb Code     2  stm32f4xx_hal_uart.o(i.HAL_UART_RxHalfCpltCallback)
    HAL_UART_Transmit                        0x08002917   Thumb Code   214  stm32f4xx_hal_uart.o(i.HAL_UART_Transmit)
    HAL_UART_TxCpltCallback                  0x080029ed   Thumb Code     2  stm32f4xx_hal_uart.o(i.HAL_UART_TxCpltCallback)
    HMC5883_Init                             0x080029ef   Thumb Code    54  md_hmc5883.o(i.HMC5883_Init)
    HMC5883_Read_Data                        0x08002a25   Thumb Code   146  md_hmc5883.o(i.HMC5883_Read_Data)
    HMC5883_Set_MagGain                      0x08002ac1   Thumb Code   144  md_hmc5883.o(i.HMC5883_Set_MagGain)
    HMC5883_Start_Convst                     0x08002b75   Thumb Code    20  md_hmc5883.o(i.HMC5883_Start_Convst)
    HardFault_Handler                        0x08002b89   Thumb Code     4  stm32f4xx_it.o(i.HardFault_Handler)
    Loop_GPS_Parse                           0x08002b8d   Thumb Code     8  md_gps.o(i.Loop_GPS_Parse)
    Loop_Read_Bar                            0x08002b95   Thumb Code    96  md_ms56xx.o(i.Loop_Read_Bar)
    Loop_Read_MPU6000                        0x08002c09   Thumb Code    10  md_mpu6000.o(i.Loop_Read_MPU6000)
    Loop_Read_Mag                            0x08002c19   Thumb Code    40  md_hmc5883.o(i.Loop_Read_Mag)
    MPU6000_Get_Data                         0x08002c49   Thumb Code   174  md_mpu6000.o(i.MPU6000_Get_Data)
    MPU6000_Init                             0x08002d01   Thumb Code   146  md_mpu6000.o(i.MPU6000_Init)
    MX_DMA_Init                              0x08002de1   Thumb Code    36  dma.o(i.MX_DMA_Init)
    MX_GPIO_Init                             0x08002e09   Thumb Code   328  gpio.o(i.MX_GPIO_Init)
    MX_SPI1_Init                             0x08002f99   Thumb Code    66  spi.o(i.MX_SPI1_Init)
    MX_TIM6_Init                             0x08002ff5   Thumb Code    64  tim.o(i.MX_TIM6_Init)
    MX_UART4_Init                            0x0800304d   Thumb Code    50  usart.o(i.MX_UART4_Init)
    MX_UART7_Init                            0x08003099   Thumb Code    50  usart.o(i.MX_UART7_Init)
    MemManage_Handler                        0x080030e5   Thumb Code     4  stm32f4xx_it.o(i.MemManage_Handler)
    NMI_Handler                              0x080030e9   Thumb Code     2  stm32f4xx_it.o(i.NMI_Handler)
    ParseChar                                0x08003125   Thumb Code   348  md_ubx.o(i.ParseChar)
    PendSV_Handler                           0x08003299   Thumb Code     2  stm32f4xx_it.o(i.PendSV_Handler)
    SVC_Handler                              0x0800336d   Thumb Code     2  stm32f4xx_it.o(i.SVC_Handler)
    Set_UART4_Baud                           0x08003371   Thumb Code    56  usart.o(i.Set_UART4_Baud)
    Sim_DMP_I2C_Read8                        0x080033c1   Thumb Code    98  md_hmc5883.o(i.Sim_DMP_I2C_Read8)
    Sim_I2C1_Delay                           0x08003423   Thumb Code    10  md_hmc5883.o(i.Sim_I2C1_Delay)
    Sim_I2C1_ReceiveByte                     0x0800342d   Thumb Code   106  md_hmc5883.o(i.Sim_I2C1_ReceiveByte)
    Sim_I2C1_ReceiveByte_WithACK             0x0800349d   Thumb Code   106  md_hmc5883.o(i.Sim_I2C1_ReceiveByte_WithACK)
    Sim_I2C1_START                           0x0800350d   Thumb Code   110  md_hmc5883.o(i.Sim_I2C1_START)
    Sim_I2C1_STOP                            0x08003581   Thumb Code    94  md_hmc5883.o(i.Sim_I2C1_STOP)
    Sim_I2C1_SendACK                         0x080035e5   Thumb Code   102  md_hmc5883.o(i.Sim_I2C1_SendACK)
    Sim_I2C1_SendByte                        0x08003651   Thumb Code   158  md_hmc5883.o(i.Sim_I2C1_SendByte)
    Sim_I2C1_SendNACK                        0x080036f5   Thumb Code   102  md_hmc5883.o(i.Sim_I2C1_SendNACK)
    Sim_I2C1_Wait_Ack                        0x08003761   Thumb Code   130  md_hmc5883.o(i.Sim_I2C1_Wait_Ack)
    Sim_I2C1_Write8                          0x080037e9   Thumb Code    76  md_hmc5883.o(i.Sim_I2C1_Write8)
    SysTick_Handler                          0x08003835   Thumb Code    12  stm32f4xx_it.o(i.SysTick_Handler)
    SystemClock_Config                       0x08003841   Thumb Code   196  main.o(i.SystemClock_Config)
    SystemInit                               0x0800391d   Thumb Code    82  system_stm32f4xx.o(i.SystemInit)
    TIM6_DAC_IRQHandler                      0x08003981   Thumb Code    10  stm32f4xx_it.o(i.TIM6_DAC_IRQHandler)
    TIM_Base_SetConfig                       0x08003991   Thumb Code   184  stm32f4xx_hal_tim.o(i.TIM_Base_SetConfig)
    UART4_IRQHandler                         0x08003a75   Thumb Code    10  stm32f4xx_it.o(i.UART4_IRQHandler)
    UBX_Receive                              0x08004069   Thumb Code    48  md_ubx.o(i.UBX_Receive)
    UsageFault_Handler                       0x08004099   Thumb Code     4  stm32f4xx_it.o(i.UsageFault_Handler)
    _Error_Handler                           0x0800409d   Thumb Code     4  main.o(i._Error_Handler)
    __0printf                                0x080040a1   Thumb Code    22  printfa.o(i.__0printf)
    __1printf                                0x080040a1   Thumb Code     0  printfa.o(i.__0printf)
    __2printf                                0x080040a1   Thumb Code     0  printfa.o(i.__0printf)
    __c89printf                              0x080040a1   Thumb Code     0  printfa.o(i.__0printf)
    printf                                   0x080040a1   Thumb Code     0  printfa.o(i.__0printf)
    __scatterload_copy                       0x080040c1   Thumb Code    14  handlers.o(i.__scatterload_copy)
    __scatterload_null                       0x080040cf   Thumb Code     2  handlers.o(i.__scatterload_null)
    __scatterload_zeroinit                   0x080040d1   Thumb Code    14  handlers.o(i.__scatterload_zeroinit)
    addByteToChecksum                        0x08004995   Thumb Code    24  md_ubx.o(i.addByteToChecksum)
    calcChecksum                             0x080049b5   Thumb Code    34  md_ubx.o(i.calcChecksum)
    configure                                0x080049d9   Thumb Code   568  md_ubx.o(i.configure)
    configureMessageRate                     0x08004c85   Thumb Code    28  md_ubx.o(i.configureMessageRate)
    configureMessageRateAndAck               0x08004ca1   Thumb Code    40  md_ubx.o(i.configureMessageRateAndAck)
    decodeInit                               0x08004cc9   Thumb Code    24  md_ubx.o(i.decodeInit)
    fnv1_32_str                              0x08004cf5   Thumb Code    44  md_ubx.o(i.fnv1_32_str)
    fputc                                    0x08004d21   Thumb Code    22  main.o(i.fputc)
    main                                     0x08004d3d   Thumb Code   106  main.o(i.main)
    payloadRxAdd                             0x08004db1   Thumb Code    38  md_ubx.o(i.payloadRxAdd)
    payloadRxAddMonVer                       0x08004de5   Thumb Code   106  md_ubx.o(i.payloadRxAddMonVer)
    payloadRxAddNavSvinfo                    0x08004e65   Thumb Code   242  md_ubx.o(i.payloadRxAddNavSvinfo)
    payloadRxDone                            0x08004f71   Thumb Code  1882  md_ubx.o(i.payloadRxDone)
    payloadRxInit                            0x0800570d   Thumb Code   712  md_ubx.o(i.payloadRxInit)
    rbClear                                  0x080059f5   Thumb Code    14  md_gps.o(i.rbClear)
    rbInit                                   0x08005a03   Thumb Code    18  ringbuffer.o(i.rbInit)
    rbIsEmpty                                0x08005a15   Thumb Code    18  md_gps.o(i.rbIsEmpty)
    rbPop                                    0x08005a27   Thumb Code    42  md_gps.o(i.rbPop)
    rbPush                                   0x08005a51   Thumb Code    36  md_gps.o(i.rbPush)
    sendMessage                              0x08005a75   Thumb Code   104  md_ubx.o(i.sendMessage)
    waitForAck                               0x08005ae1   Thumb Code   120  md_ubx.o(i.waitForAck)
    write                                    0x08005b7d   Thumb Code    34  md_ubx.o(i.write)
    AHBPrescTable                            0x08005bc8   Data          16  system_stm32f4xx.o(.constdata)
    APBPrescTable                            0x08005bd8   Data           8  system_stm32f4xx.o(.constdata)
    Region$$Table$$Base                      0x08005be0   Number         0  anon$$obj.o(Region$$Table)
    Region$$Table$$Limit                     0x08005c00   Number         0  anon$$obj.o(Region$$Table)
    Bar_Conv_Flag                            0x20000000   Data           1  md_ms56xx.o(.data)
    Bar_RunCount                             0x20000004   Data           4  md_ms56xx.o(.data)
    D1                                       0x20000008   Data           4  md_ms56xx.o(.data)
    D2                                       0x2000000c   Data           4  md_ms56xx.o(.data)
    m_Ms56xx                                 0x20000010   Data           8  md_ms56xx.o(.data)
    Mag_RunCount                             0x2000001c   Data           4  md_hmc5883.o(.data)
    _magGain                                 0x20000020   Data           1  md_hmc5883.o(.data)
    readBuff                                 0x20000021   Data           6  md_hmc5883.o(.data)
    braud                                    0x20000028   Data           4  md_gps.o(.data)
    gps_rx_temp                              0x2000002c   Data           1  md_gps.o(.data)
    _rate_count_lat_lon                      0x20000030   Data           1  md_ubx.o(.data)
    _rate_count_vel                          0x20000031   Data           1  md_ubx.o(.data)
    _rtcm_message                            0x20000034   Data           4  md_ubx.o(.data)
    _gps_position                            0x20000038   Data           4  md_ubx.o(.data)
    _satellite_info                          0x2000003c   Data           4  md_ubx.o(.data)
    _last_timestamp_time                     0x20000040   Data           8  md_ubx.o(.data)
    _decode_state                            0x20000048   Data           1  md_ubx.o(.data)
    _got_posllh                              0x20000049   Data           1  md_ubx.o(.data)
    _got_velned                              0x2000004a   Data           1  md_ubx.o(.data)
    _ack_state                               0x2000004b   Data           1  md_ubx.o(.data)
    _configured                              0x2000004c   Data           1  md_ubx.o(.data)
    _rx_msg                                  0x2000004e   Data           2  md_ubx.o(.data)
    _rx_state                                0x20000050   Data           1  md_ubx.o(.data)
    _rx_payload_length                       0x20000052   Data           2  md_ubx.o(.data)
    _rx_payload_index                        0x20000054   Data           2  md_ubx.o(.data)
    _rx_ck_a                                 0x20000056   Data           1  md_ubx.o(.data)
    _rx_ck_b                                 0x20000057   Data           1  md_ubx.o(.data)
    _disable_cmd_last                        0x20000058   Data           8  md_ubx.o(.data)
    _use_nav_pvt                             0x20000060   Data           1  md_ubx.o(.data)
    _ack_waiting_msg                         0x20000062   Data           2  md_ubx.o(.data)
    _ubx_version                             0x20000064   Data           4  md_ubx.o(.data)
    _output_mode                             0x20000068   Data           1  md_ubx.o(.data)
    uwTick                                   0x2000006c   Data           4  stm32f4xx_hal.o(.data)
    Timer6UpdateReady                        0x20000070   Data           1  main.o(.data)
    SystemCoreClock                          0x20000074   Data           4  system_stm32f4xx.o(.data)
    __stdout                                 0x20000078   Data           4  stdout.o(.data)
    m_Mpu6000                                0x2000007c   Data          40  md_mpu6000.o(.bss)
    C                                        0x200000a4   Data          16  md_ms56xx.o(.bss)
    m_Hmc5883                                0x200000b4   Data          16  md_hmc5883.o(.bss)
    m_GPS_RX_RingBuffMgr                     0x200000c4   Data          20  md_gps.o(.bss)
    m_GPS_RX_Buff                            0x200000d8   Data        1280  md_gps.o(.bss)
    m_gps_position                           0x200005d8   Data          96  md_ubx.o(.bss)
    _buf                                     0x20000638   Data          92  md_ubx.o(.bss)
    RTCM_BUFFER                              0x20000694   Data         300  md_ubx.o(.bss)
    huart4                                   0x200007c0   Data          64  usart.o(.bss)
    huart7                                   0x20000800   Data          64  usart.o(.bss)
    hdma_uart4_rx                            0x20000840   Data          96  usart.o(.bss)
    hspi1                                    0x200008a0   Data          88  spi.o(.bss)
    htim6                                    0x200008f8   Data          60  tim.o(.bss)
    __initial_sp                             0x20000d38   Data           0  startup_stm32f427xx.o(STACK)



==============================================================================

Memory Map of the image

  Image Entry point : 0x080001ad

  Load Region LR_IROM1 (Base: 0x08000000, Size: 0x00005c7c, Max: 0x00200000, ABSOLUTE)

    Execution Region ER_IROM1 (Exec base: 0x08000000, Load base: 0x08000000, Size: 0x00005c00, Max: 0x00200000, ABSOLUTE)

    Exec Addr    Load Addr    Size         Type   Attr      Idx    E Section Name        Object

    0x08000000   0x08000000   0x000001ac   Data   RO          735    RESET               startup_stm32f427xx.o
    0x080001ac   0x080001ac   0x00000000   Code   RO         3840  * .ARM.Collect$$$$00000000  mc_w.l(entry.o)
    0x080001ac   0x080001ac   0x00000004   Code   RO         4120    .ARM.Collect$$$$00000001  mc_w.l(entry2.o)
    0x080001b0   0x080001b0   0x00000004   Code   RO         4123    .ARM.Collect$$$$00000004  mc_w.l(entry5.o)
    0x080001b4   0x080001b4   0x00000000   Code   RO         4125    .ARM.Collect$$$$00000008  mc_w.l(entry7b.o)
    0x080001b4   0x080001b4   0x00000000   Code   RO         4127    .ARM.Collect$$$$0000000A  mc_w.l(entry8b.o)
    0x080001b4   0x080001b4   0x00000008   Code   RO         4128    .ARM.Collect$$$$0000000B  mc_w.l(entry9a.o)
    0x080001bc   0x080001bc   0x00000000   Code   RO         4130    .ARM.Collect$$$$0000000D  mc_w.l(entry10a.o)
    0x080001bc   0x080001bc   0x00000000   Code   RO         4132    .ARM.Collect$$$$0000000F  mc_w.l(entry11a.o)
    0x080001bc   0x080001bc   0x00000004   Code   RO         4121    .ARM.Collect$$$$00002712  mc_w.l(entry2.o)
    0x080001c0   0x080001c0   0x00000024   Code   RO          736    .text               startup_stm32f427xx.o
    0x080001e4   0x080001e4   0x00000062   Code   RO         3843    .text               mc_w.l(uldiv.o)
    0x08000246   0x08000246   0x00000062   Code   RO         3845    .text               mc_w.l(ldiv.o)
    0x080002a8   0x080002a8   0x00000024   Code   RO         3847    .text               mc_w.l(memcpya.o)
    0x080002cc   0x080002cc   0x00000024   Code   RO         3849    .text               mc_w.l(memseta.o)
    0x080002f0   0x080002f0   0x000000de   Code   RO         4114    .text               mf_w.l(ddiv.o)
    0x080003ce   0x080003ce   0x00000022   Code   RO         4116    .text               mf_w.l(dflti.o)
    0x080003f0   0x080003f0   0x00000026   Code   RO         4118    .text               mf_w.l(f2d.o)
    0x08000416   0x08000416   0x0000002c   Code   RO         4135    .text               mc_w.l(uidiv.o)
    0x08000442   0x08000442   0x0000001e   Code   RO         4137    .text               mc_w.l(llshl.o)
    0x08000460   0x08000460   0x00000020   Code   RO         4139    .text               mc_w.l(llushr.o)
    0x08000480   0x08000480   0x00000000   Code   RO         4141    .text               mc_w.l(iusefp.o)
    0x08000480   0x08000480   0x000000ba   Code   RO         4142    .text               mf_w.l(depilogue.o)
    0x0800053a   0x0800053a   0x0000014e   Code   RO         4144    .text               mf_w.l(dadd.o)
    0x08000688   0x08000688   0x000000e4   Code   RO         4146    .text               mf_w.l(dmul.o)
    0x0800076c   0x0800076c   0x00000030   Code   RO         4148    .text               mf_w.l(dfixul.o)
    0x0800079c   0x0800079c   0x00000030   Code   RO         4150    .text               mf_w.l(cdrcmple.o)
    0x080007cc   0x080007cc   0x00000024   Code   RO         4152    .text               mc_w.l(init.o)
    0x080007f0   0x080007f0   0x00000024   Code   RO         4154    .text               mc_w.l(llsshr.o)
    0x08000814   0x08000814   0x00000194   Code   RO          202    i.Baro_Cal_Alt      md_ms56xx.o
    0x080009a8   0x080009a8   0x00000058   Code   RO          203    i.Baro_Cmd_Prom     md_ms56xx.o
    0x08000a00   0x08000a00   0x00000038   Code   RO          205    i.Baro_En_Conv      md_ms56xx.o
    0x08000a38   0x08000a38   0x0000000a   Code   RO          206    i.Baro_Enable_Press_Conv  md_ms56xx.o
    0x08000a42   0x08000a42   0x0000000a   Code   RO          207    i.Baro_Enable_Temp_Conv  md_ms56xx.o
    0x08000a4c   0x08000a4c   0x00000010   Code   RO          208    i.Baro_Init         md_ms56xx.o
    0x08000a5c   0x08000a5c   0x00000020   Code   RO          209    i.Baro_Read_Coe     md_ms56xx.o
    0x08000a7c   0x08000a7c   0x00000054   Code   RO          210    i.Baro_Read_Data    md_ms56xx.o
    0x08000ad0   0x08000ad0   0x00000038   Code   RO          212    i.Baro_Reset        md_ms56xx.o
    0x08000b08   0x08000b08   0x00000004   Code   RO         3438    i.BusFault_Handler  stm32f4xx_it.o
    0x08000b0c   0x08000b0c   0x00000010   Code   RO         3439    i.DMA1_Stream2_IRQHandler  stm32f4xx_it.o
    0x08000b1c   0x08000b1c   0x00000034   Code   RO         1931    i.DMA_CalcBaseAndBitshift  stm32f4xx_hal_dma.o
    0x08000b50   0x08000b50   0x000000aa   Code   RO         1932    i.DMA_CheckFifoParam  stm32f4xx_hal_dma.o
    0x08000bfa   0x08000bfa   0x0000002c   Code   RO         1933    i.DMA_SetConfig     stm32f4xx_hal_dma.o
    0x08000c26   0x08000c26   0x00000002   Code   RO         3440    i.DebugMon_Handler  stm32f4xx_it.o
    0x08000c28   0x08000c28   0x00000020   Code   RO          438    i.GPS_Baud_Reset    md_gps.o
    0x08000c48   0x08000c48   0x0000001c   Code   RO          439    i.GPS_Init          md_gps.o
    0x08000c64   0x08000c64   0x00000010   Code   RO          440    i.GPS_RB_Clear      md_gps.o
    0x08000c74   0x08000c74   0x00000018   Code   RO          442    i.GPS_RB_HasNew     md_gps.o
    0x08000c8c   0x08000c8c   0x00000018   Code   RO          443    i.GPS_RB_Init       md_gps.o
    0x08000ca4   0x08000ca4   0x0000000c   Code   RO          444    i.GPS_RB_IsOverFlow  md_gps.o
    0x08000cb0   0x08000cb0   0x00000010   Code   RO          445    i.GPS_RB_Pop        md_gps.o
    0x08000cc0   0x08000cc0   0x00000018   Code   RO          447    i.GPS_RX_InterruptHandler  md_gps.o
    0x08000cd8   0x08000cd8   0x00000028   Code   RO         1935    i.HAL_DMA_Abort_IT  stm32f4xx_hal_dma.o
    0x08000d00   0x08000d00   0x00000062   Code   RO         1936    i.HAL_DMA_DeInit    stm32f4xx_hal_dma.o
    0x08000d62   0x08000d62   0x00000002   PAD
    0x08000d64   0x08000d64   0x00000240   Code   RO         1939    i.HAL_DMA_IRQHandler  stm32f4xx_hal_dma.o
    0x08000fa4   0x08000fa4   0x000000ec   Code   RO         1940    i.HAL_DMA_Init      stm32f4xx_hal_dma.o
    0x08001090   0x08001090   0x0000009e   Code   RO         1944    i.HAL_DMA_Start_IT  stm32f4xx_hal_dma.o
    0x0800112e   0x0800112e   0x0000001e   Code   RO         2605    i.HAL_Delay         stm32f4xx_hal.o
    0x0800114c   0x0800114c   0x00000180   Code   RO          982    i.HAL_GPIO_DeInit   stm32f4xx_hal_gpio.o
    0x080012cc   0x080012cc   0x0000021c   Code   RO          985    i.HAL_GPIO_Init     stm32f4xx_hal_gpio.o
    0x080014e8   0x080014e8   0x0000000c   Code   RO          989    i.HAL_GPIO_WritePin  stm32f4xx_hal_gpio.o
    0x080014f4   0x080014f4   0x0000000c   Code   RO         2613    i.HAL_GetTick       stm32f4xx_hal.o
    0x08001500   0x08001500   0x00000010   Code   RO         2615    i.HAL_IncTick       stm32f4xx_hal.o
    0x08001510   0x08001510   0x0000003c   Code   RO         2616    i.HAL_Init          stm32f4xx_hal.o
    0x0800154c   0x0800154c   0x00000028   Code   RO         2617    i.HAL_InitTick      stm32f4xx_hal.o
    0x08001574   0x08001574   0x00000056   Code   RO         3608    i.HAL_MspInit       stm32f4xx_hal_msp.o
    0x080015ca   0x080015ca   0x00000002   PAD
    0x080015cc   0x080015cc   0x0000001c   Code   RO         1693    i.HAL_NVIC_DisableIRQ  stm32f4xx_hal_cortex.o
    0x080015e8   0x080015e8   0x0000001a   Code   RO         1694    i.HAL_NVIC_EnableIRQ  stm32f4xx_hal_cortex.o
    0x08001602   0x08001602   0x0000007c   Code   RO         1700    i.HAL_NVIC_SetPriority  stm32f4xx_hal_cortex.o
    0x0800167e   0x0800167e   0x00000002   PAD
    0x08001680   0x08001680   0x00000028   Code   RO         1701    i.HAL_NVIC_SetPriorityGrouping  stm32f4xx_hal_cortex.o
    0x080016a8   0x080016a8   0x00000180   Code   RO         1830    i.HAL_RCC_ClockConfig  stm32f4xx_hal_rcc.o
    0x08001828   0x08001828   0x0000000c   Code   RO         1835    i.HAL_RCC_GetHCLKFreq  stm32f4xx_hal_rcc.o
    0x08001834   0x08001834   0x00000020   Code   RO         1837    i.HAL_RCC_GetPCLK1Freq  stm32f4xx_hal_rcc.o
    0x08001854   0x08001854   0x00000020   Code   RO         1838    i.HAL_RCC_GetPCLK2Freq  stm32f4xx_hal_rcc.o
    0x08001874   0x08001874   0x000000b0   Code   RO         1839    i.HAL_RCC_GetSysClockFreq  stm32f4xx_hal_rcc.o
    0x08001924   0x08001924   0x00000410   Code   RO         1842    i.HAL_RCC_OscConfig  stm32f4xx_hal_rcc.o
    0x08001d34   0x08001d34   0x0000008c   Code   RO         3105    i.HAL_SPI_Init      stm32f4xx_hal_spi.o
    0x08001dc0   0x08001dc0   0x0000005c   Code   RO         3699    i.HAL_SPI_MspInit   spi.o
    0x08001e1c   0x08001e1c   0x000001a6   Code   RO         3113    i.HAL_SPI_Transmit  stm32f4xx_hal_spi.o
    0x08001fc2   0x08001fc2   0x0000021e   Code   RO         3114    i.HAL_SPI_TransmitReceive  stm32f4xx_hal_spi.o
    0x080021e0   0x080021e0   0x00000028   Code   RO         1703    i.HAL_SYSTICK_CLKSourceConfig  stm32f4xx_hal_cortex.o
    0x08002208   0x08002208   0x00000002   Code   RO         1704    i.HAL_SYSTICK_Callback  stm32f4xx_hal_cortex.o
    0x0800220a   0x0800220a   0x00000034   Code   RO         1705    i.HAL_SYSTICK_Config  stm32f4xx_hal_cortex.o
    0x0800223e   0x0800223e   0x00000008   Code   RO         1706    i.HAL_SYSTICK_IRQHandler  stm32f4xx_hal_cortex.o
    0x08002246   0x08002246   0x00000002   Code   RO          743    i.HAL_TIMEx_BreakCallback  stm32f4xx_hal_tim_ex.o
    0x08002248   0x08002248   0x00000002   Code   RO          744    i.HAL_TIMEx_CommutationCallback  stm32f4xx_hal_tim_ex.o
    0x0800224a   0x0800224a   0x00000062   Code   RO          760    i.HAL_TIMEx_MasterConfigSynchronization  stm32f4xx_hal_tim_ex.o
    0x080022ac   0x080022ac   0x00000034   Code   RO         1050    i.HAL_TIM_Base_Init  stm32f4xx_hal_tim.o
    0x080022e0   0x080022e0   0x00000034   Code   RO         3741    i.HAL_TIM_Base_MspInit  tim.o
    0x08002314   0x08002314   0x0000001e   Code   RO         1055    i.HAL_TIM_Base_Start_IT  stm32f4xx_hal_tim.o
    0x08002332   0x08002332   0x00000002   Code   RO         1079    i.HAL_TIM_IC_CaptureCallback  stm32f4xx_hal_tim.o
    0x08002334   0x08002334   0x00000196   Code   RO         1092    i.HAL_TIM_IRQHandler  stm32f4xx_hal_tim.o
    0x080024ca   0x080024ca   0x00000002   Code   RO         1095    i.HAL_TIM_OC_DelayElapsedCallback  stm32f4xx_hal_tim.o
    0x080024cc   0x080024cc   0x00000002   Code   RO         1122    i.HAL_TIM_PWM_PulseFinishedCallback  stm32f4xx_hal_tim.o
    0x080024ce   0x080024ce   0x00000002   PAD
    0x080024d0   0x080024d0   0x0000000c   Code   RO         3532    i.HAL_TIM_PeriodElapsedCallback  main.o
    0x080024dc   0x080024dc   0x00000002   Code   RO         1133    i.HAL_TIM_TriggerCallback  stm32f4xx_hal_tim.o
    0x080024de   0x080024de   0x0000002e   Code   RO         2783    i.HAL_UART_DeInit   stm32f4xx_hal_uart.o
    0x0800250c   0x0800250c   0x00000002   Code   RO         2784    i.HAL_UART_ErrorCallback  stm32f4xx_hal_uart.o
    0x0800250e   0x0800250e   0x00000002   PAD
    0x08002510   0x08002510   0x0000014c   Code   RO         2787    i.HAL_UART_IRQHandler  stm32f4xx_hal_uart.o
    0x0800265c   0x0800265c   0x00000072   Code   RO         2788    i.HAL_UART_Init     stm32f4xx_hal_uart.o
    0x080026ce   0x080026ce   0x00000002   PAD
    0x080026d0   0x080026d0   0x00000064   Code   RO         3632    i.HAL_UART_MspDeInit  usart.o
    0x08002734   0x08002734   0x00000104   Code   RO         3633    i.HAL_UART_MspInit  usart.o
    0x08002838   0x08002838   0x000000c4   Code   RO         2792    i.HAL_UART_Receive_DMA  stm32f4xx_hal_uart.o
    0x080028fc   0x080028fc   0x00000018   Code   RO         3533    i.HAL_UART_RxCpltCallback  main.o
    0x08002914   0x08002914   0x00000002   Code   RO         2795    i.HAL_UART_RxHalfCpltCallback  stm32f4xx_hal_uart.o
    0x08002916   0x08002916   0x000000d6   Code   RO         2796    i.HAL_UART_Transmit  stm32f4xx_hal_uart.o
    0x080029ec   0x080029ec   0x00000002   Code   RO         2799    i.HAL_UART_TxCpltCallback  stm32f4xx_hal_uart.o
    0x080029ee   0x080029ee   0x00000036   Code   RO          305    i.HMC5883_Init      md_hmc5883.o
    0x08002a24   0x08002a24   0x0000009c   Code   RO          306    i.HMC5883_Read_Data  md_hmc5883.o
    0x08002ac0   0x08002ac0   0x000000b4   Code   RO          308    i.HMC5883_Set_MagGain  md_hmc5883.o
    0x08002b74   0x08002b74   0x00000014   Code   RO          309    i.HMC5883_Start_Convst  md_hmc5883.o
    0x08002b88   0x08002b88   0x00000004   Code   RO         3441    i.HardFault_Handler  stm32f4xx_it.o
    0x08002b8c   0x08002b8c   0x00000008   Code   RO          448    i.Loop_GPS_Parse    md_gps.o
    0x08002b94   0x08002b94   0x00000074   Code   RO          213    i.Loop_Read_Bar     md_ms56xx.o
    0x08002c08   0x08002c08   0x00000010   Code   RO          135    i.Loop_Read_MPU6000  md_mpu6000.o
    0x08002c18   0x08002c18   0x00000030   Code   RO          311    i.Loop_Read_Mag     md_hmc5883.o
    0x08002c48   0x08002c48   0x000000b8   Code   RO          136    i.MPU6000_Get_Data  md_mpu6000.o
    0x08002d00   0x08002d00   0x00000098   Code   RO          137    i.MPU6000_Init      md_mpu6000.o
    0x08002d98   0x08002d98   0x00000048   Code   RO          138    i.MPU6000_Spi_Com   md_mpu6000.o
    0x08002de0   0x08002de0   0x00000028   Code   RO         3782    i.MX_DMA_Init       dma.o
    0x08002e08   0x08002e08   0x0000015c   Code   RO         3411    i.MX_GPIO_Init      gpio.o
    0x08002f64   0x08002f64   0x00000034   Code   RO         3534    i.MX_NVIC_Init      main.o
    0x08002f98   0x08002f98   0x0000005c   Code   RO         3700    i.MX_SPI1_Init      spi.o
    0x08002ff4   0x08002ff4   0x00000058   Code   RO         3742    i.MX_TIM6_Init      tim.o
    0x0800304c   0x0800304c   0x0000004c   Code   RO         3634    i.MX_UART4_Init     usart.o
    0x08003098   0x08003098   0x0000004c   Code   RO         3635    i.MX_UART7_Init     usart.o
    0x080030e4   0x080030e4   0x00000004   Code   RO         3442    i.MemManage_Handler  stm32f4xx_it.o
    0x080030e8   0x080030e8   0x00000002   Code   RO         3443    i.NMI_Handler       stm32f4xx_it.o
    0x080030ea   0x080030ea   0x00000002   PAD
    0x080030ec   0x080030ec   0x00000010   Code   RO         1707    i.NVIC_GetPriorityGrouping  stm32f4xx_hal_cortex.o
    0x080030fc   0x080030fc   0x00000028   Code   RO         1708    i.NVIC_SetPriority  stm32f4xx_hal_cortex.o
    0x08003124   0x08003124   0x00000174   Code   RO          581    i.ParseChar         md_ubx.o
    0x08003298   0x08003298   0x00000002   Code   RO         3444    i.PendSV_Handler    stm32f4xx_it.o
    0x0800329a   0x0800329a   0x00000028   Code   RO         3129    i.SPI_CheckFlag_BSY  stm32f4xx_hal_spi.o
    0x080032c2   0x080032c2   0x000000aa   Code   RO         3147    i.SPI_WaitFlagStateUntilTimeout  stm32f4xx_hal_spi.o
    0x0800336c   0x0800336c   0x00000002   Code   RO         3445    i.SVC_Handler       stm32f4xx_it.o
    0x0800336e   0x0800336e   0x00000002   PAD
    0x08003370   0x08003370   0x00000050   Code   RO         3636    i.Set_UART4_Baud    usart.o
    0x080033c0   0x080033c0   0x00000062   Code   RO          312    i.Sim_DMP_I2C_Read8  md_hmc5883.o
    0x08003422   0x08003422   0x0000000a   Code   RO          313    i.Sim_I2C1_Delay    md_hmc5883.o
    0x0800342c   0x0800342c   0x00000070   Code   RO          314    i.Sim_I2C1_ReceiveByte  md_hmc5883.o
    0x0800349c   0x0800349c   0x00000070   Code   RO          315    i.Sim_I2C1_ReceiveByte_WithACK  md_hmc5883.o
    0x0800350c   0x0800350c   0x00000074   Code   RO          316    i.Sim_I2C1_START    md_hmc5883.o
    0x08003580   0x08003580   0x00000064   Code   RO          317    i.Sim_I2C1_STOP     md_hmc5883.o
    0x080035e4   0x080035e4   0x0000006c   Code   RO          318    i.Sim_I2C1_SendACK  md_hmc5883.o
    0x08003650   0x08003650   0x000000a4   Code   RO          319    i.Sim_I2C1_SendByte  md_hmc5883.o
    0x080036f4   0x080036f4   0x0000006c   Code   RO          320    i.Sim_I2C1_SendNACK  md_hmc5883.o
    0x08003760   0x08003760   0x00000088   Code   RO          321    i.Sim_I2C1_Wait_Ack  md_hmc5883.o
    0x080037e8   0x080037e8   0x0000004c   Code   RO          322    i.Sim_I2C1_Write8   md_hmc5883.o
    0x08003834   0x08003834   0x0000000c   Code   RO         3446    i.SysTick_Handler   stm32f4xx_it.o
    0x08003840   0x08003840   0x000000dc   Code   RO         3535    i.SystemClock_Config  main.o
    0x0800391c   0x0800391c   0x00000064   Code   RO         3807    i.SystemInit        system_stm32f4xx.o
    0x08003980   0x08003980   0x00000010   Code   RO         3447    i.TIM6_DAC_IRQHandler  stm32f4xx_it.o
    0x08003990   0x08003990   0x000000e4   Code   RO         1134    i.TIM_Base_SetConfig  stm32f4xx_hal_tim.o
    0x08003a74   0x08003a74   0x00000010   Code   RO         3448    i.UART4_IRQHandler  stm32f4xx_it.o
    0x08003a84   0x08003a84   0x00000014   Code   RO         2801    i.UART_DMAAbortOnError  stm32f4xx_hal_uart.o
    0x08003a98   0x08003a98   0x00000050   Code   RO         2802    i.UART_DMAError     stm32f4xx_hal_uart.o
    0x08003ae8   0x08003ae8   0x00000046   Code   RO         2803    i.UART_DMAReceiveCplt  stm32f4xx_hal_uart.o
    0x08003b2e   0x08003b2e   0x0000000e   Code   RO         2805    i.UART_DMARxHalfCplt  stm32f4xx_hal_uart.o
    0x08003b3c   0x08003b3c   0x00000020   Code   RO         2811    i.UART_EndRxTransfer  stm32f4xx_hal_uart.o
    0x08003b5c   0x08003b5c   0x00000020   Code   RO         2812    i.UART_EndTransmit_IT  stm32f4xx_hal_uart.o
    0x08003b7c   0x08003b7c   0x00000014   Code   RO         2813    i.UART_EndTxTransfer  stm32f4xx_hal_uart.o
    0x08003b90   0x08003b90   0x0000009a   Code   RO         2814    i.UART_Receive_IT   stm32f4xx_hal_uart.o
    0x08003c2a   0x08003c2a   0x00000002   PAD
    0x08003c2c   0x08003c2c   0x00000368   Code   RO         2815    i.UART_SetConfig    stm32f4xx_hal_uart.o
    0x08003f94   0x08003f94   0x00000068   Code   RO         2816    i.UART_Transmit_IT  stm32f4xx_hal_uart.o
    0x08003ffc   0x08003ffc   0x0000006c   Code   RO         2817    i.UART_WaitOnFlagUntilTimeout  stm32f4xx_hal_uart.o
    0x08004068   0x08004068   0x00000030   Code   RO          582    i.UBX_Receive       md_ubx.o
    0x08004098   0x08004098   0x00000004   Code   RO         3449    i.UsageFault_Handler  stm32f4xx_it.o
    0x0800409c   0x0800409c   0x00000004   Code   RO         3536    i._Error_Handler    main.o
    0x080040a0   0x080040a0   0x00000020   Code   RO         4086    i.__0printf         mc_w.l(printfa.o)
    0x080040c0   0x080040c0   0x0000000e   Code   RO         4158    i.__scatterload_copy  mc_w.l(handlers.o)
    0x080040ce   0x080040ce   0x00000002   Code   RO         4159    i.__scatterload_null  mc_w.l(handlers.o)
    0x080040d0   0x080040d0   0x0000000e   Code   RO         4160    i.__scatterload_zeroinit  mc_w.l(handlers.o)
    0x080040de   0x080040de   0x00000002   PAD
    0x080040e0   0x080040e0   0x00000184   Code   RO         4093    i._fp_digits        mc_w.l(printfa.o)
    0x08004264   0x08004264   0x000006dc   Code   RO         4094    i._printf_core      mc_w.l(printfa.o)
    0x08004940   0x08004940   0x00000024   Code   RO         4095    i._printf_post_padding  mc_w.l(printfa.o)
    0x08004964   0x08004964   0x0000002e   Code   RO         4096    i._printf_pre_padding  mc_w.l(printfa.o)
    0x08004992   0x08004992   0x00000002   PAD
    0x08004994   0x08004994   0x00000020   Code   RO          583    i.addByteToChecksum  md_ubx.o
    0x080049b4   0x080049b4   0x00000022   Code   RO          584    i.calcChecksum      md_ubx.o
    0x080049d6   0x080049d6   0x00000002   PAD
    0x080049d8   0x080049d8   0x000002ac   Code   RO          585    i.configure         md_ubx.o
    0x08004c84   0x08004c84   0x0000001c   Code   RO          586    i.configureMessageRate  md_ubx.o
    0x08004ca0   0x08004ca0   0x00000028   Code   RO          587    i.configureMessageRateAndAck  md_ubx.o
    0x08004cc8   0x08004cc8   0x0000002c   Code   RO          588    i.decodeInit        md_ubx.o
    0x08004cf4   0x08004cf4   0x0000002c   Code   RO          589    i.fnv1_32_str       md_ubx.o
    0x08004d20   0x08004d20   0x0000001c   Code   RO         3537    i.fputc             main.o
    0x08004d3c   0x08004d3c   0x00000074   Code   RO         3538    i.main              main.o
    0x08004db0   0x08004db0   0x00000034   Code   RO          590    i.payloadRxAdd      md_ubx.o
    0x08004de4   0x08004de4   0x00000080   Code   RO          591    i.payloadRxAddMonVer  md_ubx.o
    0x08004e64   0x08004e64   0x0000010c   Code   RO          592    i.payloadRxAddNavSvinfo  md_ubx.o
    0x08004f70   0x08004f70   0x0000079c   Code   RO          593    i.payloadRxDone     md_ubx.o
    0x0800570c   0x0800570c   0x000002e8   Code   RO          594    i.payloadRxInit     md_ubx.o
    0x080059f4   0x080059f4   0x0000000e   Code   RO          520    i.rbClear           md_gps.o
    0x08005a02   0x08005a02   0x00000012   Code   RO          712    i.rbInit            ringbuffer.o
    0x08005a14   0x08005a14   0x00000012   Code   RO          542    i.rbIsEmpty         md_gps.o
    0x08005a26   0x08005a26   0x0000002a   Code   RO          531    i.rbPop             md_gps.o
    0x08005a50   0x08005a50   0x00000024   Code   RO          525    i.rbPush            md_gps.o
    0x08005a74   0x08005a74   0x0000006c   Code   RO          596    i.sendMessage       md_ubx.o
    0x08005ae0   0x08005ae0   0x0000009c   Code   RO          597    i.waitForAck        md_ubx.o
    0x08005b7c   0x08005b7c   0x00000028   Code   RO          598    i.write             md_ubx.o
    0x08005ba4   0x08005ba4   0x0000001c   Data   RO          600    .constdata          md_ubx.o
    0x08005bc0   0x08005bc0   0x00000008   Data   RO         1946    .constdata          stm32f4xx_hal_dma.o
    0x08005bc8   0x08005bc8   0x00000018   Data   RO         3808    .constdata          system_stm32f4xx.o
    0x08005be0   0x08005be0   0x00000020   Data   RO         4156    Region$$Table       anon$$obj.o


    Execution Region RW_IRAM1 (Exec base: 0x20000000, Load base: 0x08005c00, Size: 0x00000d38, Max: 0x00030000, ABSOLUTE)

    Exec Addr    Load Addr    Size         Type   Attr      Idx    E Section Name        Object

    0x20000000   0x08005c00   0x00000018   Data   RW          216    .data               md_ms56xx.o
    0x20000018   0x08005c18   0x0000000f   Data   RW          324    .data               md_hmc5883.o
    0x20000027   0x08005c27   0x00000001   PAD
    0x20000028   0x08005c28   0x00000005   Data   RW          450    .data               md_gps.o
    0x2000002d   0x08005c2d   0x00000003   PAD
    0x20000030   0x08005c30   0x00000039   Data   RW          601    .data               md_ubx.o
    0x20000069   0x08005c69   0x00000003   PAD
    0x2000006c   0x08005c6c   0x00000004   Data   RW         2622    .data               stm32f4xx_hal.o
    0x20000070   0x08005c70   0x00000001   Data   RW         3539    .data               main.o
    0x20000071   0x08005c71   0x00000003   PAD
    0x20000074   0x08005c74   0x00000004   Data   RW         3809    .data               system_stm32f4xx.o
    0x20000078   0x08005c78   0x00000004   Data   RW         4134    .data               mc_w.l(stdout.o)
    0x2000007c        -       0x00000028   Zero   RW          140    .bss                md_mpu6000.o
    0x200000a4        -       0x00000010   Zero   RW          214    .bss                md_ms56xx.o
    0x200000b4        -       0x00000010   Zero   RW          323    .bss                md_hmc5883.o
    0x200000c4        -       0x00000514   Zero   RW          449    .bss                md_gps.o
    0x200005d8        -       0x000001e8   Zero   RW          599    .bss                md_ubx.o
    0x200007c0        -       0x000000e0   Zero   RW         3639    .bss                usart.o
    0x200008a0        -       0x00000058   Zero   RW         3701    .bss                spi.o
    0x200008f8        -       0x0000003c   Zero   RW         3743    .bss                tim.o
    0x20000934   0x08005c7c   0x00000004   PAD
    0x20000938        -       0x00000400   Zero   RW          733    STACK               startup_stm32f427xx.o


==============================================================================

Image component sizes


      Code (inc. data)   RO Data    RW Data    ZI Data      Debug   Object Name

        40          4          0          0          0        722   dma.o
       348         20          0          0          0       1071   gpio.o
       456         50          0          1          0       4443   main.o
       294         58          0          5       1300      19859   md_gps.o
      1598        102          0         15         16      12416   md_hmc5883.o
         0          0          0          0          0     730864   md_led_driver.o
       424         30          0          0         40       3026   md_mpu6000.o
       872         70          0         24         16       6780   md_ms56xx.o
      4770        524         28         57        488      15542   md_ubx.o
        18          0          0          0          0        857   ringbuffer.o
       184         40          0          0         88       1577   spi.o
        36          8        428          0       1024        796   startup_stm32f427xx.o
       158         20          0          4          0       4355   stm32f4xx_hal.o
       376         28          0          0          0      33227   stm32f4xx_hal_cortex.o
      1374         16          8          0          0       6895   stm32f4xx_hal_dma.o
       936        102          0          0          0       3206   stm32f4xx_hal_gpio.o
        86          0          0          0          0        506   stm32f4xx_hal_msp.o
      1676         74          0          0          0       5396   stm32f4xx_hal_rcc.o
      1314          0          0          0          0       5504   stm32f4xx_hal_spi.o
       724         44          0          0          0       5639   stm32f4xx_hal_tim.o
       102          0          0          0          0       2310   stm32f4xx_hal_tim_ex.o
      2414         28          0          0          0      13588   stm32f4xx_hal_uart.o
        84         18          0          0          0       5521   stm32f4xx_it.o
       100         18         24          4          0       1131   system_stm32f4xx.o
       140         32          0          0         60       1498   tim.o
       592        142          0          0        224       3451   usart.o

    ----------------------------------------------------------------------
     19136       1428        520        120       3260     890180   Object Totals
         0          0         32          0          0          0   (incl. Generated)
        20          0          0         10          4          0   (incl. Padding)

    ----------------------------------------------------------------------

      Code (inc. data)   RO Data    RW Data    ZI Data      Debug   Library Member Name

         0          0          0          0          0          0   entry.o
         0          0          0          0          0          0   entry10a.o
         0          0          0          0          0          0   entry11a.o
         8          4          0          0          0          0   entry2.o
         4          0          0          0          0          0   entry5.o
         0          0          0          0          0          0   entry7b.o
         0          0          0          0          0          0   entry8b.o
         8          4          0          0          0          0   entry9a.o
        30          0          0          0          0          0   handlers.o
        36          8          0          0          0         68   init.o
         0          0          0          0          0          0   iusefp.o
        98          0          0          0          0         84   ldiv.o
        30          0          0          0          0         68   llshl.o
        36          0          0          0          0         68   llsshr.o
        32          0          0          0          0         68   llushr.o
        36          0          0          0          0         68   memcpya.o
        36          0          0          0          0        108   memseta.o
      2258         90          0          0          0        452   printfa.o
         0          0          0          4          0          0   stdout.o
        44          0          0          0          0         80   uidiv.o
        98          0          0          0          0         92   uldiv.o
        48          0          0          0          0         68   cdrcmple.o
       334          0          0          0          0        148   dadd.o
       222          0          0          0          0        100   ddiv.o
       186          0          0          0          0        176   depilogue.o
        48          0          0          0          0         68   dfixul.o
        34          0          0          0          0         76   dflti.o
       228          0          0          0          0         96   dmul.o
        38          0          0          0          0         68   f2d.o

    ----------------------------------------------------------------------
      3896        106          0          4          0       1956   Library Totals
         4          0          0          0          0          0   (incl. Padding)

    ----------------------------------------------------------------------

      Code (inc. data)   RO Data    RW Data    ZI Data      Debug   Library Name

      2754        106          0          4          0       1156   mc_w.l
      1138          0          0          0          0        800   mf_w.l

    ----------------------------------------------------------------------
      3896        106          0          4          0       1956   Library Totals

    ----------------------------------------------------------------------

==============================================================================


      Code (inc. data)   RO Data    RW Data    ZI Data      Debug   

     23032       1534        520        124       3260     876252   Grand Totals
     23032       1534        520        124       3260     876252   ELF Image Totals
     23032       1534        520        124          0          0   ROM Totals

==============================================================================

    Total RO  Size (Code + RO Data)                23552 (  23.00kB)
    Total RW  Size (RW Data + ZI Data)              3384 (   3.30kB)
    Total ROM Size (Code + RO Data + RW Data)      23676 (  23.12kB)

==============================================================================

